2025-11-11 13:09:04.869  3003-3003  ZenLog                  system_server                        I  intercepted: 0|com.videointerpolation.app|2020|null|10271,new:!priority
2025-11-11 13:09:04.870  3003-3003  NotifAttentionHelper    system_server                        V  isSoundAllowHn pkg=com.videointerpolation.app, channelId=video_interp_channel, userId=0, soundVibrate=1
2025-11-11 13:09:04.870  3003-3003  NotifAttentionHelper    system_server                        I  muting noisy, suppressed because it's a silent update :0|com.videointerpolation.app|2020|null|10271
2025-11-11 13:09:04.877  4518-4518  NotificationListener    com.android.systemui                 I  onNotificationPosted: sbn.key=0|com.videointerpolation.app|2020|null|10271 important=3, flags 106, post=1762862944665, when=1762862944665,showWhen=true, vis=0, hasFullScreenIntent=false, style=null, isNonDismissable=false
2025-11-11 13:09:04.878  4518-4518  MediaDataManager        com.android.systemui                 I  isCustomMediaNoti, key:0|com.videointerpolation.app|2020|null|10271 false
2025-11-11 13:09:04.878  4518-4518  GlobalDynCoordinator    com.android.systemui                 I  pkgName = com.videointerpolation.app channel = video_interp_channel
2025-11-11 13:09:04.878  4518-4518  No heads up             com.android.systemui                 I  type: PEEK key: 0|com.videointerpolation.app|2020|null|10271 reason: device not in use
2025-11-11 13:09:04.878  4518-4518  PeopleSpaceWidgetMgr    com.android.systemui                 D  Notification posted, key: 0|com.videointerpolation.app|2020|null|10271
2025-11-11 13:09:04.878  4518-4883  PeopleSpaceWidgetMgr    com.android.systemui                 D  Sbn doesn't contain valid PeopleTileKey: null/0/com.videointerpolation.app
2025-11-11 13:09:04.878  4518-4518  PeopleSpaceWidgetMgr    com.android.systemui                 D  Notification posted, key: 0|com.videointerpolation.app|2020|null|10271
2025-11-11 13:09:04.878  4518-4883  PeopleSpaceWidgetMgr    com.android.systemui                 D  Sbn doesn't contain valid PeopleTileKey: null/0/com.videointerpolation.app
2025-11-11 13:09:04.878  4518-4518  HwNotifica...ryObserver com.android.systemui                 W  reportNT failed, more than 2000, sbn=0|com.videointerpolation.app|2020|null|10271
2025-11-11 13:09:04.880  4474-4972  DeviceMonitor           com.hihonor.iaware                   I   uid:10271 pid:-2 flags:1 tag:NotificationManagerService:post:com.videointerpolation.app wakeup time:68488
2025-11-11 13:09:04.919  3003-4653  NotificationService     system_server                        I  enqueueNotificationInternal: pkg=com.videointerpolation.app id=2020 notification=Notification(channel=*** shortcut=null contentView=null vibrate=null sound=null defaults=0 flags=ONGOING_EVENT|ONLY_ALERT_ONCE color=0x00000000 vis=PRIVATE)
2025-11-11 13:09:04.919  3003-4653  NotificationService     system_server                        I  enqueueNotificationInternal Channel Info : pkg=com.videointerpolation.app id=2020 importance =3
2025-11-11 13:09:04.950  2513-5069  MediaCodec              mediaserver                          I  configure 2880 com.videointerpolation.app unable
2025-11-11 13:09:04.967  4474-4972  DeviceStateService      com.hihonor.iaware                   I  app: com.videointerpolation.app pid: 2513 start mediacodec.
2025-11-11 13:09:05.122  3003-3003  ZenLog                  system_server                        I  intercepted: 0|com.videointerpolation.app|2020|null|10271,new:!priority
2025-11-11 13:09:05.123  3003-3003  NotifAttentionHelper    system_server                        V  isSoundAllowHn pkg=com.videointerpolation.app, channelId=video_interp_channel, userId=0, soundVibrate=1
2025-11-11 13:09:05.123  3003-3003  NotifAttentionHelper    system_server                        I  muting noisy, suppressed because it's a silent update :0|com.videointerpolation.app|2020|null|10271
2025-11-11 13:09:05.129  4518-4518  NotificationListener    com.android.systemui                 I  onNotificationPosted: sbn.key=0|com.videointerpolation.app|2020|null|10271 important=3, flags 106, post=1762862944919, when=1762862944918,showWhen=true, vis=0, hasFullScreenIntent=false, style=null, isNonDismissable=false
2025-11-11 13:09:05.130  4474-4972  DeviceMonitor           com.hihonor.iaware                   I   uid:10271 pid:-2 flags:1 tag:NotificationManagerService:post:com.videointerpolation.app wakeup time:68698
2025-11-11 13:09:05.130  4518-4518  MediaDataManager        com.android.systemui                 I  isCustomMediaNoti, key:0|com.videointerpolation.app|2020|null|10271 false
2025-11-11 13:09:05.131  4518-4518  GlobalDynCoordinator    com.android.systemui                 I  pkgName = com.videointerpolation.app channel = video_interp_channel
2025-11-11 13:09:05.131  4518-4518  No heads up             com.android.systemui                 I  type: PEEK key: 0|com.videointerpolation.app|2020|null|10271 reason: device not in use
2025-11-11 13:09:05.131  4518-4518  PeopleSpaceWidgetMgr    com.android.systemui                 D  Notification posted, key: 0|com.videointerpolation.app|2020|null|10271
2025-11-11 13:09:05.131  4518-4883  PeopleSpaceWidgetMgr    com.android.systemui                 D  Sbn doesn't contain valid PeopleTileKey: null/0/com.videointerpolation.app
2025-11-11 13:09:05.132  4518-4518  PeopleSpaceWidgetMgr    com.android.systemui                 D  Notification posted, key: 0|com.videointerpolation.app|2020|null|10271
2025-11-11 13:09:05.132  4518-4883  PeopleSpaceWidgetMgr    com.android.systemui                 D  Sbn doesn't contain valid PeopleTileKey: null/0/com.videointerpolation.app
2025-11-11 13:09:05.132  4518-4518  HwNotifica...ryObserver com.android.systemui                 W  reportNT failed, more than 2000, sbn=0|com.videointerpolation.app|2020|null|10271
2025-11-11 13:09:05.189  3003-4653  NotificationService     system_server                        I  enqueueNotificationInternal: pkg=com.videointerpolation.app id=2020 notification=Notification(channel=*** shortcut=null contentView=null vibrate=null sound=null defaults=0 flags=ONGOING_EVENT|ONLY_ALERT_ONCE color=0x00000000 vis=PRIVATE)
2025-11-11 13:09:05.189  3003-4653  NotificationService     system_server                        I  enqueueNotificationInternal Channel Info : pkg=com.videointerpolation.app id=2020 importance =3
2025-11-11 13:09:05.220  2513-5069  MediaCodec              mediaserver                          I  configure 2880 com.videointerpolation.app unable
2025-11-11 13:09:05.236  4474-4972  DeviceStateService      com.hihonor.iaware                   I  app: com.videointerpolation.app pid: 2513 start mediacodec.
2025-11-11 13:09:05.393  3003-3003  ZenLog                  system_server                        I  intercepted: 0|com.videointerpolation.app|2020|null|10271,new:!priority
2025-11-11 13:09:05.395  3003-3003  NotifAttentionHelper    system_server                        V  isSoundAllowHn pkg=com.videointerpolation.app, channelId=video_interp_channel, userId=0, soundVibrate=1
2025-11-11 13:09:05.395  3003-3003  NotifAttentionHelper    system_server                        I  muting noisy, suppressed because it's a silent update :0|com.videointerpolation.app|2020|null|10271
2025-11-11 13:09:05.403  4518-4518  NotificationListener    com.android.systemui                 I  onNotificationPosted: sbn.key=0|com.videointerpolation.app|2020|null|10271 important=3, flags 106, post=1762862945189, when=1762862945188,showWhen=true, vis=0, hasFullScreenIntent=false, style=null, isNonDismissable=false
2025-11-11 13:09:05.404  4518-4518  MediaDataManager        com.android.systemui                 I  isCustomMediaNoti, key:0|com.videointerpolation.app|2020|null|10271 false
2025-11-11 13:09:05.404  4474-4972  DeviceMonitor           com.hihonor.iaware                   I   uid:10271 pid:-2 flags:1 tag:NotificationManagerService:post:com.videointerpolation.app wakeup time:68912
2025-11-11 13:09:05.405  4518-4518  GlobalDynCoordinator    com.android.systemui                 I  pkgName = com.videointerpolation.app channel = video_interp_channel
2025-11-11 13:09:05.405  4518-4518  No heads up             com.android.systemui                 I  type: PEEK key: 0|com.videointerpolation.app|2020|null|10271 reason: device not in use
2025-11-11 13:09:05.405  4518-4518  PeopleSpaceWidgetMgr    com.android.systemui                 D  Notification posted, key: 0|com.videointerpolation.app|2020|null|10271
2025-11-11 13:09:05.405  4518-4883  PeopleSpaceWidgetMgr    com.android.systemui                 D  Sbn doesn't contain valid PeopleTileKey: null/0/com.videointerpolation.app
2025-11-11 13:09:05.405  4518-4518  PeopleSpaceWidgetMgr    com.android.systemui                 D  Notification posted, key: 0|com.videointerpolation.app|2020|null|10271
2025-11-11 13:09:05.405  4518-4883  PeopleSpaceWidgetMgr    com.android.systemui                 D  Sbn doesn't contain valid PeopleTileKey: null/0/com.videointerpolation.app
2025-11-11 13:09:05.405  4518-4518  HwNotifica...ryObserver com.android.systemui                 W  reportNT failed, more than 2000, sbn=0|com.videointerpolation.app|2020|null|10271
2025-11-11 13:09:05.482  3003-6123  NotificationService     system_server                        I  enqueueNotificationInternal: pkg=com.videointerpolation.app id=2020 notification=Notification(channel=*** shortcut=null contentView=null vibrate=null sound=null defaults=0 flags=ONGOING_EVENT|ONLY_ALERT_ONCE color=0x00000000 vis=PRIVATE)
2025-11-11 13:09:05.482  3003-6123  NotificationService     system_server                        I  enqueueNotificationInternal Channel Info : pkg=com.videointerpolation.app id=2020 importance =3
2025-11-11 13:09:05.524  2513-5069  MediaCodec              mediaserver                          I  configure 2880 com.videointerpolation.app unable
2025-11-11 13:09:05.538  4474-4972  DeviceStateService      com.hihonor.iaware                   I  app: com.videointerpolation.app pid: 2513 start mediacodec.
2025-11-11 13:09:05.688  3003-3003  ZenLog                  system_server                        I  intercepted: 0|com.videointerpolation.app|2020|null|10271,new:!priority
2025-11-11 13:09:05.689  3003-3003  NotifAttentionHelper    system_server                        V  isSoundAllowHn pkg=com.videointerpolation.app, channelId=video_interp_channel, userId=0, soundVibrate=1
2025-11-11 13:09:05.689  3003-3003  NotifAttentionHelper    system_server                        I  muting noisy, suppressed because it's a silent update :0|com.videointerpolation.app|2020|null|10271
2025-11-11 13:09:05.700  4518-4518  NotificationListener    com.android.systemui                 I  onNotificationPosted: sbn.key=0|com.videointerpolation.app|2020|null|10271 important=3, flags 106, post=1762862945482, when=1762862945481,showWhen=true, vis=0, hasFullScreenIntent=false, style=null, isNonDismissable=false
2025-11-11 13:09:05.700  4474-4972  DeviceMonitor           com.hihonor.iaware                   I   uid:10271 pid:-2 flags:1 tag:NotificationManagerService:post:com.videointerpolation.app wakeup time:69129
2025-11-11 13:09:05.701  4518-4518  MediaDataManager        com.android.systemui                 I  isCustomMediaNoti, key:0|com.videointerpolation.app|2020|null|10271 false
2025-11-11 13:09:05.701  4518-4518  GlobalDynCoordinator    com.android.systemui                 I  pkgName = com.videointerpolation.app channel = video_interp_channel
2025-11-11 13:09:05.701  4518-4518  No heads up             com.android.systemui                 I  type: PEEK key: 0|com.videointerpolation.app|2020|null|10271 reason: device not in use
2025-11-11 13:09:05.701  4518-4518  PeopleSpaceWidgetMgr    com.android.systemui                 D  Notification posted, key: 0|com.videointerpolation.app|2020|null|10271
2025-11-11 13:09:05.702  4518-4518  PeopleSpaceWidgetMgr    com.android.systemui                 D  Notification posted, key: 0|com.videointerpolation.app|2020|null|10271
2025-11-11 13:09:05.702  4518-4518  HwNotifica...ryObserver com.android.systemui                 W  reportNT failed, more than 2000, sbn=0|com.videointerpolation.app|2020|null|10271
2025-11-11 13:09:05.703  4518-4883  PeopleSpaceWidgetMgr    com.android.systemui                 D  Sbn doesn't contain valid PeopleTileKey: null/0/com.videointerpolation.app
2025-11-11 13:09:05.703  4518-4883  PeopleSpaceWidgetMgr    com.android.systemui                 D  Sbn doesn't contain valid PeopleTileKey: null/0/com.videointerpolation.app
2025-11-11 13:09:05.785  3003-4653  NotificationService     system_server                        I  enqueueNotificationInternal: pkg=com.videointerpolation.app id=2020 notification=Notification(channel=*** shortcut=null contentView=null vibrate=null sound=null defaults=0 flags=ONGOING_EVENT|ONLY_ALERT_ONCE color=0x00000000 vis=PRIVATE)
2025-11-11 13:09:05.785  3003-4653  NotificationService     system_server                        I  enqueueNotificationInternal Channel Info : pkg=com.videointerpolation.app id=2020 importance =3
2025-11-11 13:09:05.824  2513-5069  MediaCodec              mediaserver                          I  configure 2880 com.videointerpolation.app unable
2025-11-11 13:09:05.840  4474-4972  DeviceStateService      com.hihonor.iaware                   I  app: com.videointerpolation.app pid: 2513 start mediacodec.
2025-11-11 13:09:05.990  3003-3003  ZenLog                  system_server                        I  intercepted: 0|com.videointerpolation.app|2020|null|10271,new:!priority
2025-11-11 13:09:05.991  3003-3003  NotifAttentionHelper    system_server                        V  isSoundAllowHn pkg=com.videointerpolation.app, channelId=video_interp_channel, userId=0, soundVibrate=1
2025-11-11 13:09:05.992  3003-3003  NotifAttentionHelper    system_server                        I  muting noisy, suppressed because it's a silent update :0|com.videointerpolation.app|2020|null|10271
2025-11-11 13:09:06.004  4518-4518  NotificationListener    com.android.systemui                 I  onNotificationPosted: sbn.key=0|com.videointerpolation.app|2020|null|10271 important=3, flags 106, post=1762862945785, when=1762862945784,showWhen=true, vis=0, hasFullScreenIntent=false, style=null, isNonDismissable=false
2025-11-11 13:09:06.006  4474-4972  DeviceMonitor           com.hihonor.iaware                   I   uid:10271 pid:-2 flags:1 tag:NotificationManagerService:post:com.videointerpolation.app wakeup time:69348
2025-11-11 13:09:06.006  4518-4518  MediaDataManager        com.android.systemui                 I  isCustomMediaNoti, key:0|com.videointerpolation.app|2020|null|10271 false
2025-11-11 13:09:06.007  4518-4518  GlobalDynCoordinator    com.android.systemui                 I  pkgName = com.videointerpolation.app channel = video_interp_channel
2025-11-11 13:09:06.007  4518-4518  No heads up             com.android.systemui                 I  type: PEEK key: 0|com.videointerpolation.app|2020|null|10271 reason: device not in use
2025-11-11 13:09:06.007  4518-4518  PeopleSpaceWidgetMgr    com.android.systemui                 D  Notification posted, key: 0|com.videointerpolation.app|2020|null|10271
2025-11-11 13:09:06.007  4518-4883  PeopleSpaceWidgetMgr    com.android.systemui                 D  Sbn doesn't contain valid PeopleTileKey: null/0/com.videointerpolation.app
2025-11-11 13:09:06.007  4518-4518  PeopleSpaceWidgetMgr    com.android.systemui                 D  Notification posted, key: 0|com.videointerpolation.app|2020|null|10271
2025-11-11 13:09:06.008  4518-4518  HwNotifica...ryObserver com.android.systemui                 W  reportNT failed, more than 2000, sbn=0|com.videointerpolation.app|2020|null|10271
2025-11-11 13:09:06.008  4518-4883  PeopleSpaceWidgetMgr    com.android.systemui                 D  Sbn doesn't contain valid PeopleTileKey: null/0/com.videointerpolation.app
2025-11-11 13:09:06.104  3003-4653  NotificationService     system_server                        I  enqueueNotificationInternal: pkg=com.videointerpolation.app id=2020 notification=Notification(channel=*** shortcut=null contentView=null vibrate=null sound=null defaults=0 flags=ONGOING_EVENT|ONLY_ALERT_ONCE color=0x00000000 vis=PRIVATE)
2025-11-11 13:09:06.105  3003-4653  NotificationService     system_server                        I  enqueueNotificationInternal Channel Info : pkg=com.videointerpolation.app id=2020 importance =3
2025-11-11 13:09:06.130  2513-5069  MediaCodec              mediaserver                          I  configure 2880 com.videointerpolation.app unable
2025-11-11 13:09:06.148  4474-4972  DeviceStateService      com.hihonor.iaware                   I  app: com.videointerpolation.app pid: 2513 start mediacodec.
2025-11-11 13:09:06.308  3003-3003  ZenLog                  system_server                        I  intercepted: 0|com.videointerpolation.app|2020|null|10271,new:!priority
2025-11-11 13:09:06.309  3003-3003  NotifAttentionHelper    system_server                        V  isSoundAllowHn pkg=com.videointerpolation.app, channelId=video_interp_channel, userId=0, soundVibrate=1
2025-11-11 13:09:06.309  3003-3003  NotifAttentionHelper    system_server                        I  muting noisy, suppressed because it's a silent update :0|com.videointerpolation.app|2020|null|10271
2025-11-11 13:09:06.317  4518-4518  NotificationListener    com.android.systemui                 I  onNotificationPosted: sbn.key=0|com.videointerpolation.app|2020|null|10271 important=3, flags 106, post=1762862946105, when=1762862946104,showWhen=true, vis=0, hasFullScreenIntent=false, style=null, isNonDismissable=false
2025-11-11 13:09:06.318  4518-4518  MediaDataManager        com.android.systemui                 I  isCustomMediaNoti, key:0|com.videointerpolation.app|2020|null|10271 false
2025-11-11 13:09:06.318  4474-4972  DeviceMonitor           com.hihonor.iaware                   I   uid:10271 pid:-2 flags:1 tag:NotificationManagerService:post:com.videointerpolation.app wakeup time:69562
2025-11-11 13:09:06.319  4518-4518  GlobalDynCoordinator    com.android.systemui                 I  pkgName = com.videointerpolation.app channel = video_interp_channel
2025-11-11 13:09:06.319  4518-4518  No heads up             com.android.systemui                 I  type: PEEK key: 0|com.videointerpolation.app|2020|null|10271 reason: device not in use
2025-11-11 13:09:06.319  4518-4518  PeopleSpaceWidgetMgr    com.android.systemui                 D  Notification posted, key: 0|com.videointerpolation.app|2020|null|10271
2025-11-11 13:09:06.319  4518-4518  PeopleSpaceWidgetMgr    com.android.systemui                 D  Notification posted, key: 0|com.videointerpolation.app|2020|null|10271
2025-11-11 13:09:06.319  4518-4518  HwNotifica...ryObserver com.android.systemui                 W  reportNT failed, more than 2000, sbn=0|com.videointerpolation.app|2020|null|10271
2025-11-11 13:09:06.319  4518-4883  PeopleSpaceWidgetMgr    com.android.systemui                 D  Sbn doesn't contain valid PeopleTileKey: null/0/com.videointerpolation.app
2025-11-11 13:09:06.321  4518-4883  PeopleSpaceWidgetMgr    com.android.systemui                 D  Sbn doesn't contain valid PeopleTileKey: null/0/com.videointerpolation.app
2025-11-11 13:09:06.442  3003-6127  NotificationService     system_server                        I  enqueueNotificationInternal: pkg=com.videointerpolation.app id=2020 notification=Notification(channel=*** shortcut=null contentView=null vibrate=null sound=null defaults=0 flags=ONGOING_EVENT|ONLY_ALERT_ONCE color=0x00000000 vis=PRIVATE)
2025-11-11 13:09:06.442  3003-6127  NotificationService     system_server                        I  enqueueNotificationInternal Channel Info : pkg=com.videointerpolation.app id=2020 importance =3
2025-11-11 13:09:06.464  2513-5069  MediaCodec              mediaserver                          I  configure 2880 com.videointerpolation.app unable
2025-11-11 13:09:06.482  4474-4972  DeviceStateService      com.hihonor.iaware                   I  app: com.videointerpolation.app pid: 2513 start mediacodec.
2025-11-11 13:09:06.648  3003-3003  ZenLog                  system_server                        I  intercepted: 0|com.videointerpolation.app|2020|null|10271,new:!priority
2025-11-11 13:09:06.650  3003-3003  NotifAttentionHelper    system_server                        V  isSoundAllowHn pkg=com.videointerpolation.app, channelId=video_interp_channel, userId=0, soundVibrate=1
2025-11-11 13:09:06.650  3003-3003  NotifAttentionHelper    system_server                        I  muting noisy, suppressed because it's a silent update :0|com.videointerpolation.app|2020|null|10271
2025-11-11 13:09:06.659  4518-4518  NotificationListener    com.android.systemui                 I  onNotificationPosted: sbn.key=0|com.videointerpolation.app|2020|null|10271 important=3, flags 106, post=1762862946442, when=1762862946441,showWhen=true, vis=0, hasFullScreenIntent=false, style=null, isNonDismissable=false
2025-11-11 13:09:06.660  4518-4518  MediaDataManager        com.android.systemui                 I  isCustomMediaNoti, key:0|com.videointerpolation.app|2020|null|10271 false
2025-11-11 13:09:06.661  4474-4972  DeviceMonitor           com.hihonor.iaware                   I   uid:10271 pid:-2 flags:1 tag:NotificationManagerService:post:com.videointerpolation.app wakeup time:69779
2025-11-11 13:09:06.661  4518-4518  GlobalDynCoordinator    com.android.systemui                 I  pkgName = com.videointerpolation.app channel = video_interp_channel
2025-11-11 13:09:06.661  4518-4518  No heads up             com.android.systemui                 I  type: PEEK key: 0|com.videointerpolation.app|2020|null|10271 reason: device not in use
2025-11-11 13:09:06.661  4518-4518  PeopleSpaceWidgetMgr    com.android.systemui                 D  Notification posted, key: 0|com.videointerpolation.app|2020|null|10271
2025-11-11 13:09:06.662  4518-4883  PeopleSpaceWidgetMgr    com.android.systemui                 D  Sbn doesn't contain valid PeopleTileKey: null/0/com.videointerpolation.app
2025-11-11 13:09:06.662  4518-4518  PeopleSpaceWidgetMgr    com.android.systemui                 D  Notification posted, key: 0|com.videointerpolation.app|2020|null|10271
2025-11-11 13:09:06.663  4518-4518  HwNotifica...ryObserver com.android.systemui                 W  reportNT failed, more than 2000, sbn=0|com.videointerpolation.app|2020|null|10271
2025-11-11 13:09:06.663  4518-4883  PeopleSpaceWidgetMgr    com.android.systemui                 D  Sbn doesn't contain valid PeopleTileKey: null/0/com.videointerpolation.app
2025-11-11 13:09:06.772  3003-4653  NotificationService     system_server                        I  enqueueNotificationInternal: pkg=com.videointerpolation.app id=2020 notification=Notification(channel=*** shortcut=null contentView=null vibrate=null sound=null defaults=0 flags=ONGOING_EVENT|ONLY_ALERT_ONCE color=0x00000000 vis=PRIVATE)
2025-11-11 13:09:06.772  3003-4653  NotificationService     system_server                        I  enqueueNotificationInternal Channel Info : pkg=com.videointerpolation.app id=2020 importance =3
2025-11-11 13:09:06.809  2513-3840  MediaCodec              mediaserver                          I  configure 2880 com.videointerpolation.app unable
2025-11-11 13:09:06.826  4474-4972  DeviceStateService      com.hihonor.iaware                   I  app: com.videointerpolation.app pid: 2513 start mediacodec.
2025-11-11 13:09:06.978  3003-3003  ZenLog                  system_server                        I  intercepted: 0|com.videointerpolation.app|2020|null|10271,new:!priority
2025-11-11 13:09:06.980  3003-3003  NotifAttentionHelper    system_server                        V  isSoundAllowHn pkg=com.videointerpolation.app, channelId=video_interp_channel, userId=0, soundVibrate=1
2025-11-11 13:09:06.980  3003-3003  NotifAttentionHelper    system_server                        I  muting noisy, suppressed because it's a silent update :0|com.videointerpolation.app|2020|null|10271
2025-11-11 13:09:06.992  4518-4518  NotificationListener    com.android.systemui                 I  onNotificationPosted: sbn.key=0|com.videointerpolation.app|2020|null|10271 important=3, flags 106, post=1762862946772, when=1762862946771,showWhen=true, vis=0, hasFullScreenIntent=false, style=null, isNonDismissable=false
2025-11-11 13:09:06.995  4518-4518  MediaDataManager        com.android.systemui                 I  isCustomMediaNoti, key:0|com.videointerpolation.app|2020|null|10271 false
2025-11-11 13:09:06.995  4518-4518  GlobalDynCoordinator    com.android.systemui                 I  pkgName = com.videointerpolation.app channel = video_interp_channel
2025-11-11 13:09:06.995  4518-4518  No heads up             com.android.systemui                 I  type: PEEK key: 0|com.videointerpolation.app|2020|null|10271 reason: device not in use
2025-11-11 13:09:06.996  4518-4518  PeopleSpaceWidgetMgr    com.android.systemui                 D  Notification posted, key: 0|com.videointerpolation.app|2020|null|10271
2025-11-11 13:09:06.996  4474-4972  DeviceMonitor           com.hihonor.iaware                   I   uid:10271 pid:-2 flags:1 tag:NotificationManagerService:post:com.videointerpolation.app wakeup time:70001
2025-11-11 13:09:06.996  4518-4518  PeopleSpaceWidgetMgr    com.android.systemui                 D  Notification posted, key: 0|com.videointerpolation.app|2020|null|10271
2025-11-11 13:09:06.996  4518-4518  HwNotifica...ryObserver com.android.systemui                 W  reportNT failed, more than 2000, sbn=0|com.videointerpolation.app|2020|null|10271
2025-11-11 13:09:06.997  4518-4883  PeopleSpaceWidgetMgr    com.android.systemui                 D  Sbn doesn't contain valid PeopleTileKey: null/0/com.videointerpolation.app
2025-11-11 13:09:06.997  4518-4883  PeopleSpaceWidgetMgr    com.android.systemui                 D  Sbn doesn't contain valid PeopleTileKey: null/0/com.videointerpolation.app
2025-11-11 13:09:07.142  3003-6120  NotificationService     system_server                        I  enqueueNotificationInternal: pkg=com.videointerpolation.app id=2020 notification=Notification(channel=*** shortcut=null contentView=null vibrate=null sound=null defaults=0 flags=ONGOING_EVENT|ONLY_ALERT_ONCE color=0x00000000 vis=PRIVATE)
2025-11-11 13:09:07.142  3003-6120  NotificationService     system_server                        I  enqueueNotificationInternal Channel Info : pkg=com.videointerpolation.app id=2020 importance =3
2025-11-11 13:09:07.186  2513-3840  MediaCodec              mediaserver                          I  configure 2880 com.videointerpolation.app unable
2025-11-11 13:09:07.203  4474-4972  DeviceStateService      com.hihonor.iaware                   I  app: com.videointerpolation.app pid: 2513 start mediacodec.
2025-11-11 13:09:07.348  3003-3003  ZenLog                  system_server                        I  intercepted: 0|com.videointerpolation.app|2020|null|10271,new:!priority
2025-11-11 13:09:07.351  3003-3003  NotifAttentionHelper    system_server                        V  isSoundAllowHn pkg=com.videointerpolation.app, channelId=video_interp_channel, userId=0, soundVibrate=1
2025-11-11 13:09:07.351  3003-3003  NotifAttentionHelper    system_server                        I  muting noisy, suppressed because it's a silent update :0|com.videointerpolation.app|2020|null|10271
2025-11-11 13:09:07.364  4518-4518  NotificationListener    com.android.systemui                 I  onNotificationPosted: sbn.key=0|com.videointerpolation.app|2020|null|10271 important=3, flags 106, post=1762862947142, when=1762862947142,showWhen=true, vis=0, hasFullScreenIntent=false, style=null, isNonDismissable=false
2025-11-11 13:09:07.366  4518-4518  MediaDataManager        com.android.systemui                 I  isCustomMediaNoti, key:0|com.videointerpolation.app|2020|null|10271 false
2025-11-11 13:09:07.366  4474-4972  DeviceMonitor           com.hihonor.iaware                   I   uid:10271 pid:-2 flags:1 tag:NotificationManagerService:post:com.videointerpolation.app wakeup time:70223
2025-11-11 13:09:07.367  4518-4518  GlobalDynCoordinator    com.android.systemui                 I  pkgName = com.videointerpolation.app channel = video_interp_channel
2025-11-11 13:09:07.367  4518-4518  No heads up             com.android.systemui                 I  type: PEEK key: 0|com.videointerpolation.app|2020|null|10271 reason: device not in use
2025-11-11 13:09:07.367  4518-4518  PeopleSpaceWidgetMgr    com.android.systemui                 D  Notification posted, key: 0|com.videointerpolation.app|2020|null|10271
2025-11-11 13:09:07.367  4518-4883  PeopleSpaceWidgetMgr    com.android.systemui                 D  Sbn doesn't contain valid PeopleTileKey: null/0/com.videointerpolation.app
2025-11-11 13:09:07.368  4518-4518  PeopleSpaceWidgetMgr    com.android.systemui                 D  Notification posted, key: 0|com.videointerpolation.app|2020|null|10271
2025-11-11 13:09:07.368  4518-4518  HwNotifica...ryObserver com.android.systemui                 W  reportNT failed, more than 2000, sbn=0|com.videointerpolation.app|2020|null|10271
2025-11-11 13:09:07.368  4518-4883  PeopleSpaceWidgetMgr    com.android.systemui                 D  Sbn doesn't contain valid PeopleTileKey: null/0/com.videointerpolation.app
2025-11-11 13:09:07.554  3003-4653  NotificationService     system_server                        I  enqueueNotificationInternal: pkg=com.videointerpolation.app id=2020 notification=Notification(channel=*** shortcut=null contentView=null vibrate=null sound=null defaults=0 flags=ONGOING_EVENT|ONLY_ALERT_ONCE color=0x00000000 vis=PRIVATE)
2025-11-11 13:09:07.554  3003-4653  NotificationService     system_server                        I  enqueueNotificationInternal Channel Info : pkg=com.videointerpolation.app id=2020 importance =3
2025-11-11 13:09:07.564  3003-4653  ProcBatteryStats        system_server                        W  timer is running , not start, name: com.videointerpolation.app, uid: 10271, tag: NotificationManagerService:post:com.videointerpolation.app
2025-11-11 13:09:07.564  3003-4653  NotificationService     system_server                        I  enqueueNotificationInternal: pkg=com.videointerpolation.app id=2020 notification=Notification(channel=*** shortcut=null contentView=null vibrate=null sound=null defaults=0 flags=ONGOING_EVENT|ONLY_ALERT_ONCE color=0x00000000 vis=PRIVATE)
2025-11-11 13:09:07.565  3003-4653  NotificationService     system_server                        I  enqueueNotificationInternal Channel Info : pkg=com.videointerpolation.app id=2020 importance =3
2025-11-11 13:09:07.738 32097-32701 FrameInterpolator       com.videointerpolation.app           I  Align×8 active: source=3840x2160 aligned=3840x2160 capped=1280x768
2025-11-11 13:09:07.757  3003-3003  ZenLog                  system_server                        I  intercepted: 0|com.videointerpolation.app|2020|null|10271,new:!priority
2025-11-11 13:09:07.758  3003-3003  NotifAttentionHelper    system_server                        V  isSoundAllowHn pkg=com.videointerpolation.app, channelId=video_interp_channel, userId=0, soundVibrate=1
2025-11-11 13:09:07.759  3003-3003  NotifAttentionHelper    system_server                        I  muting noisy, suppressed because it's a silent update :0|com.videointerpolation.app|2020|null|10271
2025-11-11 13:09:07.768  4518-4518  NotificationListener    com.android.systemui                 I  onNotificationPosted: sbn.key=0|com.videointerpolation.app|2020|null|10271 important=3, flags 106, post=1762862947554, when=1762862947553,showWhen=true, vis=0, hasFullScreenIntent=false, style=null, isNonDismissable=false
2025-11-11 13:09:07.769  4518-4518  MediaDataManager        com.android.systemui                 I  isCustomMediaNoti, key:0|com.videointerpolation.app|2020|null|10271 false
2025-11-11 13:09:07.769  4518-4518  GlobalDynCoordinator    com.android.systemui                 I  pkgName = com.videointerpolation.app channel = video_interp_channel
2025-11-11 13:09:07.769  4518-4518  No heads up             com.android.systemui                 I  type: PEEK key: 0|com.videointerpolation.app|2020|null|10271 reason: device not in use
2025-11-11 13:09:07.769  4518-4518  PeopleSpaceWidgetMgr    com.android.systemui                 D  Notification posted, key: 0|com.videointerpolation.app|2020|null|10271
2025-11-11 13:09:07.769  4518-4883  PeopleSpaceWidgetMgr    com.android.systemui                 D  Sbn doesn't contain valid PeopleTileKey: null/0/com.videointerpolation.app
2025-11-11 13:09:07.769  4518-4518  PeopleSpaceWidgetMgr    com.android.systemui                 D  Notification posted, key: 0|com.videointerpolation.app|2020|null|10271
2025-11-11 13:09:07.769  4518-4518  HwNotifica...ryObserver com.android.systemui                 W  reportNT failed, more than 2000, sbn=0|com.videointerpolation.app|2020|null|10271
2025-11-11 13:09:07.769  4518-4883  PeopleSpaceWidgetMgr    com.android.systemui                 D  Sbn doesn't contain valid PeopleTileKey: null/0/com.videointerpolation.app
2025-11-11 13:09:07.770  4474-4972  DeviceMonitor           com.hihonor.iaware                   I   uid:10271 pid:-2 flags:1 tag:NotificationManagerService:post:com.videointerpolation.app wakeup time:70438
2025-11-11 13:09:07.771  3003-3003  ZenLog                  system_server                        I  intercepted: 0|com.videointerpolation.app|2020|null|10271,new:!priority
2025-11-11 13:09:07.772  3003-3003  NotifAttentionHelper    system_server                        V  isSoundAllowHn pkg=com.videointerpolation.app, channelId=video_interp_channel, userId=0, soundVibrate=1
2025-11-11 13:09:07.772  3003-3003  NotifAttentionHelper    system_server                        I  muting noisy, suppressed because it's a silent update :0|com.videointerpolation.app|2020|null|10271
2025-11-11 13:09:07.777  4518-4518  NotificationListener    com.android.systemui                 I  onNotificationPosted: sbn.key=0|com.videointerpolation.app|2020|null|10271 important=3, flags 106, post=1762862947565, when=1762862947564,showWhen=true, vis=0, hasFullScreenIntent=false, style=null, isNonDismissable=false
2025-11-11 13:09:07.778  3003-3003  ProcBatteryStats        system_server                        W  timer is not running , not stop, name: com.videointerpolation.app, uid: 10271, tag: NotificationManagerService:post:com.videointerpolation.app
2025-11-11 13:09:07.778  4518-4518  MediaDataManager        com.android.systemui                 I  isCustomMediaNoti, key:0|com.videointerpolation.app|2020|null|10271 false
2025-11-11 13:09:07.778  4518-4518  GlobalDynCoordinator    com.android.systemui                 I  pkgName = com.videointerpolation.app channel = video_interp_channel
2025-11-11 13:09:07.778  4518-4518  No heads up             com.android.systemui                 I  type: PEEK key: 0|com.videointerpolation.app|2020|null|10271 reason: device not in use
2025-11-11 13:09:07.778 32097-32102 terpolation.app         com.videointerpolation.app           I  Background concurrent mark compact GC freed 32KB AllocSpace bytes, 0(0B) LOS objects, 46% free, 27MB/51MB, paused 102us,5.081ms total 22.698ms
2025-11-11 13:09:07.778  4518-4518  PeopleSpaceWidgetMgr    com.android.systemui                 D  Notification posted, key: 0|com.videointerpolation.app|2020|null|10271
2025-11-11 13:09:07.778  4518-4518  PeopleSpaceWidgetMgr    com.android.systemui                 D  Notification posted, key: 0|com.videointerpolation.app|2020|null|10271
2025-11-11 13:09:07.778  4518-4883  PeopleSpaceWidgetMgr    com.android.systemui                 D  Sbn doesn't contain valid PeopleTileKey: null/0/com.videointerpolation.app
2025-11-11 13:09:07.778  4518-4883  PeopleSpaceWidgetMgr    com.android.systemui                 D  Sbn doesn't contain valid PeopleTileKey: null/0/com.videointerpolation.app
2025-11-11 13:09:07.779  4518-4518  HwNotifica...ryObserver com.android.systemui                 W  reportNT failed, more than 2000, sbn=0|com.videointerpolation.app|2020|null|10271
2025-11-11 13:09:07.779  4474-4972  DeviceMonitor           com.hihonor.iaware                   I   uid:10271 pid:-2 flags:1 tag:NotificationManagerService:post:com.videointerpolation.app wakeup time:70438
2025-11-11 13:09:08.979 32097-32701 ExecutionBuilder        com.videointerpolation.app           I  ExecutionBuilder::ExecutionBuilder with 10 inputs and 10 outputs
2025-11-11 13:09:08.981 32097-32701 ExecutionBuilder        com.videointerpolation.app           I  ExecutionBuilder::compute (asynchronous API)
2025-11-11 13:09:08.981 32097-8994  ExecutionBuilder        com.videointerpolation.app           I  SimpleExecutionBuilder::computeInternal
2025-11-11 13:09:08.982 32097-8994  ExecutionBuilder        com.videointerpolation.app           I  StepExecutor::StepExecutor with 10 inputs and 10 outputs
2025-11-11 13:09:08.982 32097-8994  ExecutionBuilder        com.videointerpolation.app           I  input[0] = POINTER() dim(1)
2025-11-11 13:09:08.982 32097-8994  ExecutionBuilder        com.videointerpolation.app           I  input[1] = POINTER() dim(1)
2025-11-11 13:09:08.983 32097-8994  ExecutionBuilder        com.videointerpolation.app           I  input[2] = POINTER() dim(1)
2025-11-11 13:09:08.983 32097-8994  ExecutionBuilder        com.videointerpolation.app           I  input[3] = POINTER() dim(1)
2025-11-11 13:09:08.983 32097-8994  ExecutionBuilder        com.videointerpolation.app           I  input[4] = POINTER() dim(1)
2025-11-11 13:09:08.983 32097-8994  ExecutionBuilder        com.videointerpolation.app           I  input[5] = POINTER() dim(1)
2025-11-11 13:09:08.983 32097-8994  ExecutionBuilder        com.videointerpolation.app           I  input[6] = POINTER() dim(1)
2025-11-11 13:09:08.983 32097-8994  ExecutionBuilder        com.videointerpolation.app           I  input[7] = POINTER() dim(1)
2025-11-11 13:09:08.983 32097-8994  ExecutionBuilder        com.videointerpolation.app           I  input[8] = POINTER() dim(1)
2025-11-11 13:09:08.983 32097-8994  ExecutionBuilder        com.videointerpolation.app           I  input[9] = POINTER() dim(1)
2025-11-11 13:09:08.983 32097-8994  ExecutionBuilder        com.videointerpolation.app           I  output[0] = POINTER() dim(1)
2025-11-11 13:09:08.983 32097-8994  ExecutionBuilder        com.videointerpolation.app           I  output[1] = POINTER() dim(1)
2025-11-11 13:09:08.983 32097-8994  ExecutionBuilder        com.videointerpolation.app           I  output[2] = POINTER() dim(1)
2025-11-11 13:09:08.983 32097-8994  ExecutionBuilder        com.videointerpolation.app           I  output[3] = POINTER() dim(1)
2025-11-11 13:09:08.983 32097-8994  ExecutionBuilder        com.videointerpolation.app           I  output[4] = POINTER() dim(1)
2025-11-11 13:09:08.983 32097-8994  ExecutionBuilder        com.videointerpolation.app           I  output[5] = POINTER() dim(1)
2025-11-11 13:09:08.983 32097-8994  ExecutionBuilder        com.videointerpolation.app           I  output[6] = POINTER() dim(1)
2025-11-11 13:09:08.983 32097-8994  ExecutionBuilder        com.videointerpolation.app           I  output[7] = POINTER() dim(1)
2025-11-11 13:09:08.983 32097-8994  ExecutionBuilder        com.videointerpolation.app           I  output[8] = POINTER() dim(1)
2025-11-11 13:09:08.983 32097-8994  ExecutionBuilder        com.videointerpolation.app           I  output[9] = POINTER() dim(1)
2025-11-11 13:09:09.013 32097-8994  CpuExecutor             com.videointerpolation.app           I  CpuExecutor::run() with request()
2025-11-11 13:09:09.013 32097-8994  CpuExecutor             com.videointerpolation.app           I  CpuExecutor::initializeRunTimeInfo
2025-11-11 13:09:09.014 32097-8994  CpuExecutor             com.videointerpolation.app           I  CpuExecutor::executeSubgraph Model::Subgraph{.operands=[Operand{.type=TENSOR_FLOAT32, .dimensions=[1], .scale=0, .zeroPoint=0, lifetime=CONSTANT_REFERENCE, .location=DataLocation{.pointer=<constant null pointer>, .poolIndex=0, .offset=0, .length=4, .padding=0}, .extraParams=Operand::ExtraParams{<no params>}}, Operand{.type=TENSOR_FLOAT32, .dimensions=[1], .scale=0, .zeroPoint=0, lifetime=CONSTANT_REFERENCE, .location=DataLocation{.pointer=<constant null pointer>, .poolIndex=0, .offset=16, .length=4, .padding=0}, .extraParams=Operand::ExtraParams{<no params>}}, Operand{.type=TENSOR_FLOAT32, .dimensions=[1], .scale=0, .zeroPoint=0, lifetime=SUBGRAPH_INPUT, .location=DataLocation{.pointer=<constant null pointer>, .poolIndex=0, .offset=0, .length=0, .padding=0}, .extraParams=Operand::ExtraParams{<no params>}}, Operand{.type=TENSOR_FLOAT32, .dimensions=[1], .scale=0, .zeroPoint=0, lifetime=SUBGRAPH_INPUT, .location=DataLocation{.pointer=<constant null pointer>, .poolIndex=0, .offset=0, .length=0, .padding=0}, .extraParams=Operand::ExtraParams{<no params>}}, Operand{.type=TENSOR_FLOAT32, .dimensions=[1], .scale=0, .zeroPoint=0, lifetime=SUBGRAPH_INPUT, .location=DataLocation{.pointer=<constant null pointer>, .poolIndex=0, .offset=0, .length=0, .padding=0}, .extraParams=Operand::ExtraParams{<no params>}}, Operand{.type=TENSOR_FLOAT32, .dimensions=[1], .scale=0, .zeroPoint=0, lifetime=SUBGRAPH_INPUT, .location=DataLocation{.pointer=<constant null pointer>, .poolIndex=0, .offset=0, .length=0, .padding=0}, .extraParams=Operand::ExtraParams{<no params>}}, Operand{.type=TENSOR_FLOAT32, .dimensions=[1], .scale=0, .zeroPoint=0, lifetime=SUBGRAPH_INPUT, .location=DataLocation{.pointer=<constant null pointer>, .poolIndex=0, .offset=0, .length=0, .padding=0}, .extraParams=Operand::ExtraParams{<no params>}}, Operand{.type=TENSOR_FLOAT32, .dimensions=[1], .scale=0, .zeroPoint=0, lifetime=SUBGRAPH_INPUT, .location=DataLocation{.pointer=<constant null pointer>, .poolIndex=0, .offset=0, .length=0, .padding=0}, .extraParams=Operand::ExtraParams{<no params>}}, Operand{.type=TENSOR_FLOAT32, .dimensions=[1], .scale=0, .zeroPoint=0, lifetime=SUBGRAPH_INPUT, .location=DataLocation{.pointer=<constant null pointer>, .poolIndex=0, .offset=0, .length=0, .padding=0}, .extraParams=Operand::ExtraParams{<no params>}}, Operand{.type=TENSOR_FLOAT32, .dimensions=[1], .scale=0, .zeroPoint=0, lifetime=SUBGRAPH_INPUT, .location=DataLocation{.pointer=<constant null pointer>, .poolIndex=0, .offset=0, .length=0, .padding=0}, .extraParams=Operand::ExtraParams{<no params>}}, Operand{.type=TENSOR_FLOAT32, .dimensions=[1], .scale=0, .zeroPoint=0, lifetime=SUBGRAPH_INPUT, .location=DataLocation{.pointer=<constant null pointer>, .poolIndex=0, .offset=0, .length=0, .padding=0}, .extraParams=Operand::ExtraParams{<no params>}}, Operand{.type=TENSOR_FLOAT32, .dimensions=[1], .scale=0, .zeroPoint=0, lifetime=SUBGRAPH_INPUT, .location=DataLocation{.pointer=<constant null pointer>, .poolIndex=0, .offset=0, .length=0, .padding=0}, .extraParams=Operand::ExtraParams{<no params>}}, Operand{.type=INT32, .dimensions=[], .scale=0, .zeroPoint=0, lifetime=CONSTANT_COPY, .location=DataLocation{.pointer=<constant null pointer>, .poolIndex=0, .offset=0, .length=4, .padding=0}, .extraParams=Operand::ExtraParams{<no params>}}, Operand{.type=TENSOR_FLOAT32, .dimensions=[1], .scale=0, .zeroPoint=0, lifetime=TEMPORARY_VARIABLE, .location=DataLocation{.pointer=<constant null pointer>, .poolIndex=0, .offset=0, .length=0, .padding=0}, .extraParams=Operand::ExtraParams{<no params>}}, Operand{.type=INT32, .dimensions=[], .scale=0, .zeroPoint=0, lifetime=CONSTANT_COPY, .location=DataLocation{.pointer=<constant null pointer>, .poolIndex=0, .offset=4, .length=4, .padding=0}, .extraParams=Operand::ExtraParams{<no params>}}, Operand{.type=TENSOR_FLOAT32, .dimensions=[1], .scale=0, .zeroPoint=0, lifetime=SUBGRAPH_OUTPUT, .location=DataLocation{.pointer=<constant null pointer>, .poolIndex=0, .offset=0, .length=0, .padding=0}, .extraParams=Operand::ExtraParams{<no p
2025-11-11 13:09:09.014 32097-8994  CpuExecutor             com.videointerpolation.app           I  Completed run normally
2025-11-11 13:09:09.015 32097-8994  CpuExecutor             com.videointerpolation.app           I  CpuExecutor::setOutputShapes: mOutputShapes[0] = OutputShape{.dimensions=[1], .isSufficient=true}
2025-11-11 13:09:09.015 32097-8994  CpuExecutor             com.videointerpolation.app           I  CpuExecutor::setOutputShapes: mOutputShapes[1] = OutputShape{.dimensions=[1], .isSufficient=true}
2025-11-11 13:09:09.015 32097-8994  CpuExecutor             com.videointerpolation.app           I  CpuExecutor::setOutputShapes: mOutputShapes[2] = OutputShape{.dimensions=[1], .isSufficient=true}
2025-11-11 13:09:09.015 32097-8994  CpuExecutor             com.videointerpolation.app           I  CpuExecutor::setOutputShapes: mOutputShapes[3] = OutputShape{.dimensions=[1], .isSufficient=true}
2025-11-11 13:09:09.015 32097-8994  CpuExecutor             com.videointerpolation.app           I  CpuExecutor::setOutputShapes: mOutputShapes[4] = OutputShape{.dimensions=[1], .isSufficient=true}
2025-11-11 13:09:09.015 32097-8994  CpuExecutor             com.videointerpolation.app           I  CpuExecutor::setOutputShapes: mOutputShapes[5] = OutputShape{.dimensions=[1], .isSufficient=true}
2025-11-11 13:09:09.015 32097-8994  CpuExecutor             com.videointerpolation.app           I  CpuExecutor::setOutputShapes: mOutputShapes[6] = OutputShape{.dimensions=[1], .isSufficient=true}
2025-11-11 13:09:09.015 32097-8994  CpuExecutor             com.videointerpolation.app           I  CpuExecutor::setOutputShapes: mOutputShapes[7] = OutputShape{.dimensions=[1], .isSufficient=true}
2025-11-11 13:09:09.015 32097-8994  CpuExecutor             com.videointerpolation.app           I  CpuExecutor::setOutputShapes: mOutputShapes[8] = OutputShape{.dimensions=[1], .isSufficient=true}
2025-11-11 13:09:09.015 32097-8994  CpuExecutor             com.videointerpolation.app           I  CpuExecutor::setOutputShapes: mOutputShapes[9] = OutputShape{.dimensions=[1], .isSufficient=true}
2025-11-11 13:09:10.569 32097-32701 terpolation.app         com.videointerpolation.app           I  Waiting for a blocking GC NativeAlloc
2025-11-11 13:09:10.588 32097-32701 terpolation.app         com.videointerpolation.app           I  WaitForGcToComplete blocked NativeAlloc on NativeAlloc for 19.888ms
2025-11-11 13:09:10.661  3003-6120  NotificationService     system_server                        I  enqueueNotificationInternal: pkg=com.videointerpolation.app id=2020 notification=Notification(channel=*** shortcut=null contentView=null vibrate=null sound=null defaults=0 flags=ONGOING_EVENT|ONLY_ALERT_ONCE color=0x00000000 vis=PRIVATE)
2025-11-11 13:09:10.661  3003-6120  NotificationService     system_server                        I  enqueueNotificationInternal Channel Info : pkg=com.videointerpolation.app id=2020 importance =3
2025-11-11 13:09:10.737 32097-32701 FrameInterpolator       com.videointerpolation.app           I  Align×8 active: source=3840x2160 aligned=3840x2160 capped=1280x768
2025-11-11 13:09:10.866  3003-3003  ZenLog                  system_server                        I  intercepted: 0|com.videointerpolation.app|2020|null|10271,new:!priority
2025-11-11 13:09:10.867  3003-3003  NotifAttentionHelper    system_server                        V  isSoundAllowHn pkg=com.videointerpolation.app, channelId=video_interp_channel, userId=0, soundVibrate=1
2025-11-11 13:09:10.868  3003-3003  NotifAttentionHelper    system_server                        I  muting noisy, suppressed because it's a silent update :0|com.videointerpolation.app|2020|null|10271
2025-11-11 13:09:10.875  4474-4972  AppManager              com.hihonor.iaware                   I  app:com.videointerpolation.app Notification update time:275701414
2025-11-11 13:09:10.875  4474-4972  AppManager              com.hihonor.iaware                   I  com.videointerpolation.app add persist notification, id=[2020]
2025-11-11 13:09:10.876  4518-4518  NotificationListener    com.android.systemui                 I  onNotificationPosted: sbn.key=0|com.videointerpolation.app|2020|null|10271 important=3, flags 106, post=1762862950661, when=1762862950660,showWhen=true, vis=0, hasFullScreenIntent=false, style=null, isNonDismissable=false
2025-11-11 13:09:10.877  4474-4972  DeviceMonitor           com.hihonor.iaware                   I   uid:10271 pid:-2 flags:1 tag:NotificationManagerService:post:com.videointerpolation.app wakeup time:70653
2025-11-11 13:09:10.877  4518-4518  MediaDataManager        com.android.systemui                 I  isCustomMediaNoti, key:0|com.videointerpolation.app|2020|null|10271 false
2025-11-11 13:09:10.877  4518-4518  GlobalDynCoordinator    com.android.systemui                 I  pkgName = com.videointerpolation.app channel = video_interp_channel
2025-11-11 13:09:10.877  4518-4518  No heads up             com.android.systemui                 I  type: PEEK key: 0|com.videointerpolation.app|2020|null|10271 reason: device not in use
2025-11-11 13:09:10.877  4518-4518  PeopleSpaceWidgetMgr    com.android.systemui                 D  Notification posted, key: 0|com.videointerpolation.app|2020|null|10271
2025-11-11 13:09:10.877  4518-4883  PeopleSpaceWidgetMgr    com.android.systemui                 D  Sbn doesn't contain valid PeopleTileKey: null/0/com.videointerpolation.app
2025-11-11 13:09:10.878  4518-4518  PeopleSpaceWidgetMgr    com.android.systemui                 D  Notification posted, key: 0|com.videointerpolation.app|2020|null|10271
2025-11-11 13:09:10.878  4518-4883  PeopleSpaceWidgetMgr    com.android.systemui                 D  Sbn doesn't contain valid PeopleTileKey: null/0/com.videointerpolation.app
2025-11-11 13:09:10.878  4518-4518  HwNotifica...ryObserver com.android.systemui                 W  reportNT failed, more than 2000, sbn=0|com.videointerpolation.app|2020|null|10271
