2025-11-11 13:09:11.908 32097-32701 ExecutionBuilder        com.videointerpolation.app           I  ExecutionBuilder::ExecutionBuilder with 10 inputs and 10 outputs
2025-11-11 13:09:11.908 32097-32701 ExecutionBuilder        com.videointerpolation.app           I  ExecutionBuilder::compute (asynchronous API)
2025-11-11 13:09:11.909 32097-8997  ExecutionBuilder        com.videointerpolation.app           I  SimpleExecutionBuilder::computeInternal
2025-11-11 13:09:11.909 32097-8997  ExecutionBuilder        com.videointerpolation.app           I  StepExecutor::StepExecutor with 10 inputs and 10 outputs
2025-11-11 13:09:11.909 32097-8997  ExecutionBuilder        com.videointerpolation.app           I  input[0] = POINTER() dim(1)
2025-11-11 13:09:11.910 32097-8997  ExecutionBuilder        com.videointerpolation.app           I  input[1] = POINTER() dim(1)
2025-11-11 13:09:11.910 32097-8997  ExecutionBuilder        com.videointerpolation.app           I  input[2] = POINTER() dim(1)
2025-11-11 13:09:11.910 32097-8997  ExecutionBuilder        com.videointerpolation.app           I  input[3] = POINTER() dim(1)
2025-11-11 13:09:11.910 32097-8997  ExecutionBuilder        com.videointerpolation.app           I  input[4] = POINTER() dim(1)
2025-11-11 13:09:11.911 32097-8997  ExecutionBuilder        com.videointerpolation.app           I  input[5] = POINTER() dim(1)
2025-11-11 13:09:11.911 32097-8997  ExecutionBuilder        com.videointerpolation.app           I  input[6] = POINTER() dim(1)
2025-11-11 13:09:11.911 32097-8997  ExecutionBuilder        com.videointerpolation.app           I  input[7] = POINTER() dim(1)
2025-11-11 13:09:11.911 32097-8997  ExecutionBuilder        com.videointerpolation.app           I  input[8] = POINTER() dim(1)
2025-11-11 13:09:11.912 32097-8997  ExecutionBuilder        com.videointerpolation.app           I  input[9] = POINTER() dim(1)
2025-11-11 13:09:11.912 32097-8997  ExecutionBuilder        com.videointerpolation.app           I  output[0] = POINTER() dim(1)
2025-11-11 13:09:11.912 32097-8997  ExecutionBuilder        com.videointerpolation.app           I  output[1] = POINTER() dim(1)
2025-11-11 13:09:11.912 32097-8997  ExecutionBuilder        com.videointerpolation.app           I  output[2] = POINTER() dim(1)
2025-11-11 13:09:11.912 32097-8997  ExecutionBuilder        com.videointerpolation.app           I  output[3] = POINTER() dim(1)
2025-11-11 13:09:11.912 32097-8997  ExecutionBuilder        com.videointerpolation.app           I  output[4] = POINTER() dim(1)
2025-11-11 13:09:11.912 32097-8997  ExecutionBuilder        com.videointerpolation.app           I  output[5] = POINTER() dim(1)
2025-11-11 13:09:11.912 32097-8997  ExecutionBuilder        com.videointerpolation.app           I  output[6] = POINTER() dim(1)
2025-11-11 13:09:11.912 32097-8997  ExecutionBuilder        com.videointerpolation.app           I  output[7] = POINTER() dim(1)
2025-11-11 13:09:11.912 32097-8997  ExecutionBuilder        com.videointerpolation.app           I  output[8] = POINTER() dim(1)
2025-11-11 13:09:11.912 32097-8997  ExecutionBuilder        com.videointerpolation.app           I  output[9] = POINTER() dim(1)
2025-11-11 13:09:11.912 32097-8997  CpuExecutor             com.videointerpolation.app           I  CpuExecutor::run() with request()
2025-11-11 13:09:11.912 32097-8997  CpuExecutor             com.videointerpolation.app           I  CpuExecutor::initializeRunTimeInfo
2025-11-11 13:09:11.913 32097-8997  CpuExecutor             com.videointerpolation.app           I  CpuExecutor::executeSubgraph Model::Subgraph{.operands=[Operand{.type=TENSOR_FLOAT32, .dimensions=[1], .scale=0, .zeroPoint=0, lifetime=CONSTANT_REFERENCE, .location=DataLocation{.pointer=<constant null pointer>, .poolIndex=0, .offset=0, .length=4, .padding=0}, .extraParams=Operand::ExtraParams{<no params>}}, Operand{.type=TENSOR_FLOAT32, .dimensions=[1], .scale=0, .zeroPoint=0, lifetime=CONSTANT_REFERENCE, .location=DataLocation{.pointer=<constant null pointer>, .poolIndex=0, .offset=16, .length=4, .padding=0}, .extraParams=Operand::ExtraParams{<no params>}}, Operand{.type=TENSOR_FLOAT32, .dimensions=[1], .scale=0, .zeroPoint=0, lifetime=SUBGRAPH_INPUT, .location=DataLocation{.pointer=<constant null pointer>, .poolIndex=0, .offset=0, .length=0, .padding=0}, .extraParams=Operand::ExtraParams{<no params>}}, Operand{.type=TENSOR_FLOAT32, .dimensions=[1], .scale=0, .zeroPoint=0, lifetime=SUBGRAPH_INPUT, .location=DataLocation{.pointer=<constant null pointer>, .poolIndex=0, .offset=0, .length=0, .padding=0}, .extraParams=Operand::ExtraParams{<no params>}}, Operand{.type=TENSOR_FLOAT32, .dimensions=[1], .scale=0, .zeroPoint=0, lifetime=SUBGRAPH_INPUT, .location=DataLocation{.pointer=<constant null pointer>, .poolIndex=0, .offset=0, .length=0, .padding=0}, .extraParams=Operand::ExtraParams{<no params>}}, Operand{.type=TENSOR_FLOAT32, .dimensions=[1], .scale=0, .zeroPoint=0, lifetime=SUBGRAPH_INPUT, .location=DataLocation{.pointer=<constant null pointer>, .poolIndex=0, .offset=0, .length=0, .padding=0}, .extraParams=Operand::ExtraParams{<no params>}}, Operand{.type=TENSOR_FLOAT32, .dimensions=[1], .scale=0, .zeroPoint=0, lifetime=SUBGRAPH_INPUT, .location=DataLocation{.pointer=<constant null pointer>, .poolIndex=0, .offset=0, .length=0, .padding=0}, .extraParams=Operand::ExtraParams{<no params>}}, Operand{.type=TENSOR_FLOAT32, .dimensions=[1], .scale=0, .zeroPoint=0, lifetime=SUBGRAPH_INPUT, .location=DataLocation{.pointer=<constant null pointer>, .poolIndex=0, .offset=0, .length=0, .padding=0}, .extraParams=Operand::ExtraParams{<no params>}}, Operand{.type=TENSOR_FLOAT32, .dimensions=[1], .scale=0, .zeroPoint=0, lifetime=SUBGRAPH_INPUT, .location=DataLocation{.pointer=<constant null pointer>, .poolIndex=0, .offset=0, .length=0, .padding=0}, .extraParams=Operand::ExtraParams{<no params>}}, Operand{.type=TENSOR_FLOAT32, .dimensions=[1], .scale=0, .zeroPoint=0, lifetime=SUBGRAPH_INPUT, .location=DataLocation{.pointer=<constant null pointer>, .poolIndex=0, .offset=0, .length=0, .padding=0}, .extraParams=Operand::ExtraParams{<no params>}}, Operand{.type=TENSOR_FLOAT32, .dimensions=[1], .scale=0, .zeroPoint=0, lifetime=SUBGRAPH_INPUT, .location=DataLocation{.pointer=<constant null pointer>, .poolIndex=0, .offset=0, .length=0, .padding=0}, .extraParams=Operand::ExtraParams{<no params>}}, Operand{.type=TENSOR_FLOAT32, .dimensions=[1], .scale=0, .zeroPoint=0, lifetime=SUBGRAPH_INPUT, .location=DataLocation{.pointer=<constant null pointer>, .poolIndex=0, .offset=0, .length=0, .padding=0}, .extraParams=Operand::ExtraParams{<no params>}}, Operand{.type=INT32, .dimensions=[], .scale=0, .zeroPoint=0, lifetime=CONSTANT_COPY, .location=DataLocation{.pointer=<constant null pointer>, .poolIndex=0, .offset=0, .length=4, .padding=0}, .extraParams=Operand::ExtraParams{<no params>}}, Operand{.type=TENSOR_FLOAT32, .dimensions=[1], .scale=0, .zeroPoint=0, lifetime=TEMPORARY_VARIABLE, .location=DataLocation{.pointer=<constant null pointer>, .poolIndex=0, .offset=0, .length=0, .padding=0}, .extraParams=Operand::ExtraParams{<no params>}}, Operand{.type=INT32, .dimensions=[], .scale=0, .zeroPoint=0, lifetime=CONSTANT_COPY, .location=DataLocation{.pointer=<constant null pointer>, .poolIndex=0, .offset=4, .length=4, .padding=0}, .extraParams=Operand::ExtraParams{<no params>}}, Operand{.type=TENSOR_FLOAT32, .dimensions=[1], .scale=0, .zeroPoint=0, lifetime=SUBGRAPH_OUTPUT, .location=DataLocation{.pointer=<constant null pointer>, .poolIndex=0, .offset=0, .length=0, .padding=0}, .extraParams=Operand::ExtraParams{<no p
2025-11-11 13:09:11.913 32097-8997  CpuExecutor             com.videointerpolation.app           I  Completed run normally
2025-11-11 13:09:11.913 32097-8997  CpuExecutor             com.videointerpolation.app           I  CpuExecutor::setOutputShapes: mOutputShapes[0] = OutputShape{.dimensions=[1], .isSufficient=true}
2025-11-11 13:09:11.913 32097-8997  CpuExecutor             com.videointerpolation.app           I  CpuExecutor::setOutputShapes: mOutputShapes[1] = OutputShape{.dimensions=[1], .isSufficient=true}
2025-11-11 13:09:11.914 32097-8997  CpuExecutor             com.videointerpolation.app           I  CpuExecutor::setOutputShapes: mOutputShapes[2] = OutputShape{.dimensions=[1], .isSufficient=true}
2025-11-11 13:09:11.914 32097-8997  CpuExecutor             com.videointerpolation.app           I  CpuExecutor::setOutputShapes: mOutputShapes[3] = OutputShape{.dimensions=[1], .isSufficient=true}
2025-11-11 13:09:11.914 32097-8997  CpuExecutor             com.videointerpolation.app           I  CpuExecutor::setOutputShapes: mOutputShapes[4] = OutputShape{.dimensions=[1], .isSufficient=true}
2025-11-11 13:09:11.914 32097-8997  CpuExecutor             com.videointerpolation.app           I  CpuExecutor::setOutputShapes: mOutputShapes[5] = OutputShape{.dimensions=[1], .isSufficient=true}
2025-11-11 13:09:11.914 32097-8997  CpuExecutor             com.videointerpolation.app           I  CpuExecutor::setOutputShapes: mOutputShapes[6] = OutputShape{.dimensions=[1], .isSufficient=true}
2025-11-11 13:09:11.914 32097-8997  CpuExecutor             com.videointerpolation.app           I  CpuExecutor::setOutputShapes: mOutputShapes[7] = OutputShape{.dimensions=[1], .isSufficient=true}
2025-11-11 13:09:11.914 32097-8997  CpuExecutor             com.videointerpolation.app           I  CpuExecutor::setOutputShapes: mOutputShapes[8] = OutputShape{.dimensions=[1], .isSufficient=true}
2025-11-11 13:09:11.914 32097-8997  CpuExecutor             com.videointerpolation.app           I  CpuExecutor::setOutputShapes: mOutputShapes[9] = OutputShape{.dimensions=[1], .isSufficient=true}
2025-11-11 13:09:13.483 32097-32701 terpolation.app         com.videointerpolation.app           I  Waiting for a blocking GC NativeAlloc
2025-11-11 13:09:13.509 32097-32701 terpolation.app         com.videointerpolation.app           I  WaitForGcToComplete blocked NativeAlloc on NativeAlloc for 25.786ms
2025-11-11 13:09:13.581  3003-6120  NotificationService     system_server                        I  enqueueNotificationInternal: pkg=com.videointerpolation.app id=2020 notification=Notification(channel=*** shortcut=null contentView=null vibrate=null sound=null defaults=0 flags=ONGOING_EVENT|ONLY_ALERT_ONCE color=0x00000000 vis=PRIVATE)
2025-11-11 13:09:13.582  3003-6120  NotificationService     system_server                        I  enqueueNotificationInternal Channel Info : pkg=com.videointerpolation.app id=2020 importance =3
2025-11-11 13:09:13.691 32097-32701 FrameInterpolator       com.videointerpolation.app           I  Align×8 active: source=3840x2160 aligned=3840x2160 capped=1280x768
2025-11-11 13:09:13.785  3003-3003  ZenLog                  system_server                        I  intercepted: 0|com.videointerpolation.app|2020|null|10271,new:!priority
2025-11-11 13:09:13.785  3003-3003  NotifAttentionHelper    system_server                        V  isSoundAllowHn pkg=com.videointerpolation.app, channelId=video_interp_channel, userId=0, soundVibrate=1
2025-11-11 13:09:13.785  3003-3003  NotifAttentionHelper    system_server                        I  muting noisy, suppressed because it's a silent update :0|com.videointerpolation.app|2020|null|10271
2025-11-11 13:09:13.789  4518-4518  NotificationListener    com.android.systemui                 I  onNotificationPosted: sbn.key=0|com.videointerpolation.app|2020|null|10271 important=3, flags 106, post=1762862953582, when=1762862953580,showWhen=true, vis=0, hasFullScreenIntent=false, style=null, isNonDismissable=false
2025-11-11 13:09:13.789  4518-4518  MediaDataManager        com.android.systemui                 I  isCustomMediaNoti, key:0|com.videointerpolation.app|2020|null|10271 false
2025-11-11 13:09:13.790  4518-4518  GlobalDynCoordinator    com.android.systemui                 I  pkgName = com.videointerpolation.app channel = video_interp_channel
2025-11-11 13:09:13.790  4518-4518  No heads up             com.android.systemui                 I  type: PEEK key: 0|com.videointerpolation.app|2020|null|10271 reason: device not in use
2025-11-11 13:09:13.790  4518-4518  PeopleSpaceWidgetMgr    com.android.systemui                 D  Notification posted, key: 0|com.videointerpolation.app|2020|null|10271
2025-11-11 13:09:13.790  4518-4883  PeopleSpaceWidgetMgr    com.android.systemui                 D  Sbn doesn't contain valid PeopleTileKey: null/0/com.videointerpolation.app
2025-11-11 13:09:13.790  4518-4518  PeopleSpaceWidgetMgr    com.android.systemui                 D  Notification posted, key: 0|com.videointerpolation.app|2020|null|10271
2025-11-11 13:09:13.790  4518-4883  PeopleSpaceWidgetMgr    com.android.systemui                 D  Sbn doesn't contain valid PeopleTileKey: null/0/com.videointerpolation.app
2025-11-11 13:09:13.790  4518-4518  HwNotifica...ryObserver com.android.systemui                 W  reportNT failed, more than 2000, sbn=0|com.videointerpolation.app|2020|null|10271
2025-11-11 13:09:13.865  4771-14386 ChargeMonitor           com.hihonor.systemmanager            I  Dispaly:name com.videointerpolation.app, duration 94596
2025-11-11 13:09:13.866  4771-14386 ChargeMonitorData       com.hihonor.systemmanager            I  top[1]app:com.videointerpolation.app,duration:94596
2025-11-11 13:09:13.913  4474-4972  DeviceMonitor           com.hihonor.iaware                   I   uid:10271 pid:-2 flags:1 tag:NotificationManagerService:post:com.videointerpolation.app wakeup time:70653
2025-11-11 13:09:14.619 32097-32097 InputMethodManager      com.videointerpolation.app           I  handleMessage: MSG_SET_INTERACTIVE true, was false
2025-11-11 13:09:14.648  4474-5144  APwMonitor              com.hihonor.iaware                   I  screen on skip visible app : com.videointerpolation.app
2025-11-11 13:09:14.649  3003-6120  HwForceRotationManager  system_server                        V  cache can rotate: com.videointerpolation.app/com.videointerpolation.app.MainActivity
2025-11-11 13:09:14.678  3003-3344  HwForceRotationManager  system_server                        V  cache can rotate: com.videointerpolation.app/com.videointerpolation.app.MainActivity
2025-11-11 13:09:14.948 32097-32701 ExecutionBuilder        com.videointerpolation.app           I  ExecutionBuilder::ExecutionBuilder with 10 inputs and 10 outputs
2025-11-11 13:09:14.948 32097-32701 ExecutionBuilder        com.videointerpolation.app           I  ExecutionBuilder::compute (asynchronous API)
2025-11-11 13:09:14.949 32097-9027  ExecutionBuilder        com.videointerpolation.app           I  SimpleExecutionBuilder::computeInternal
2025-11-11 13:09:14.949 32097-9027  ExecutionBuilder        com.videointerpolation.app           I  StepExecutor::StepExecutor with 10 inputs and 10 outputs
2025-11-11 13:09:14.949 32097-9027  ExecutionBuilder        com.videointerpolation.app           I  input[0] = POINTER() dim(1)
2025-11-11 13:09:14.949 32097-9027  ExecutionBuilder        com.videointerpolation.app           I  input[1] = POINTER() dim(1)
2025-11-11 13:09:14.949 32097-9027  ExecutionBuilder        com.videointerpolation.app           I  input[2] = POINTER() dim(1)
2025-11-11 13:09:14.949 32097-9027  ExecutionBuilder        com.videointerpolation.app           I  input[3] = POINTER() dim(1)
2025-11-11 13:09:14.949 32097-9027  ExecutionBuilder        com.videointerpolation.app           I  input[4] = POINTER() dim(1)
2025-11-11 13:09:14.949 32097-9027  ExecutionBuilder        com.videointerpolation.app           I  input[5] = POINTER() dim(1)
2025-11-11 13:09:14.949 32097-9027  ExecutionBuilder        com.videointerpolation.app           I  input[6] = POINTER() dim(1)
2025-11-11 13:09:14.949 32097-9027  ExecutionBuilder        com.videointerpolation.app           I  input[7] = POINTER() dim(1)
2025-11-11 13:09:14.949 32097-9027  ExecutionBuilder        com.videointerpolation.app           I  input[8] = POINTER() dim(1)
2025-11-11 13:09:14.949 32097-9027  ExecutionBuilder        com.videointerpolation.app           I  input[9] = POINTER() dim(1)
2025-11-11 13:09:14.949 32097-9027  ExecutionBuilder        com.videointerpolation.app           I  output[0] = POINTER() dim(1)
2025-11-11 13:09:14.949 32097-9027  ExecutionBuilder        com.videointerpolation.app           I  output[1] = POINTER() dim(1)
2025-11-11 13:09:14.949 32097-9027  ExecutionBuilder        com.videointerpolation.app           I  output[2] = POINTER() dim(1)
2025-11-11 13:09:14.949 32097-9027  ExecutionBuilder        com.videointerpolation.app           I  output[3] = POINTER() dim(1)
2025-11-11 13:09:14.949 32097-9027  ExecutionBuilder        com.videointerpolation.app           I  output[4] = POINTER() dim(1)
2025-11-11 13:09:14.949 32097-9027  ExecutionBuilder        com.videointerpolation.app           I  output[5] = POINTER() dim(1)
2025-11-11 13:09:14.949 32097-9027  ExecutionBuilder        com.videointerpolation.app           I  output[6] = POINTER() dim(1)
2025-11-11 13:09:14.949 32097-9027  ExecutionBuilder        com.videointerpolation.app           I  output[7] = POINTER() dim(1)
2025-11-11 13:09:14.949 32097-9027  ExecutionBuilder        com.videointerpolation.app           I  output[8] = POINTER() dim(1)
2025-11-11 13:09:14.950 32097-9027  ExecutionBuilder        com.videointerpolation.app           I  output[9] = POINTER() dim(1)
2025-11-11 13:09:14.950 32097-9027  CpuExecutor             com.videointerpolation.app           I  CpuExecutor::run() with request()
2025-11-11 13:09:14.950 32097-9027  CpuExecutor             com.videointerpolation.app           I  CpuExecutor::initializeRunTimeInfo
2025-11-11 13:09:14.951 32097-9027  CpuExecutor             com.videointerpolation.app           I  CpuExecutor::executeSubgraph Model::Subgraph{.operands=[Operand{.type=TENSOR_FLOAT32, .dimensions=[1], .scale=0, .zeroPoint=0, lifetime=CONSTANT_REFERENCE, .location=DataLocation{.pointer=<constant null pointer>, .poolIndex=0, .offset=0, .length=4, .padding=0}, .extraParams=Operand::ExtraParams{<no params>}}, Operand{.type=TENSOR_FLOAT32, .dimensions=[1], .scale=0, .zeroPoint=0, lifetime=CONSTANT_REFERENCE, .location=DataLocation{.pointer=<constant null pointer>, .poolIndex=0, .offset=16, .length=4, .padding=0}, .extraParams=Operand::ExtraParams{<no params>}}, Operand{.type=TENSOR_FLOAT32, .dimensions=[1], .scale=0, .zeroPoint=0, lifetime=SUBGRAPH_INPUT, .location=DataLocation{.pointer=<constant null pointer>, .poolIndex=0, .offset=0, .length=0, .padding=0}, .extraParams=Operand::ExtraParams{<no params>}}, Operand{.type=TENSOR_FLOAT32, .dimensions=[1], .scale=0, .zeroPoint=0, lifetime=SUBGRAPH_INPUT, .location=DataLocation{.pointer=<constant null pointer>, .poolIndex=0, .offset=0, .length=0, .padding=0}, .extraParams=Operand::ExtraParams{<no params>}}, Operand{.type=TENSOR_FLOAT32, .dimensions=[1], .scale=0, .zeroPoint=0, lifetime=SUBGRAPH_INPUT, .location=DataLocation{.pointer=<constant null pointer>, .poolIndex=0, .offset=0, .length=0, .padding=0}, .extraParams=Operand::ExtraParams{<no params>}}, Operand{.type=TENSOR_FLOAT32, .dimensions=[1], .scale=0, .zeroPoint=0, lifetime=SUBGRAPH_INPUT, .location=DataLocation{.pointer=<constant null pointer>, .poolIndex=0, .offset=0, .length=0, .padding=0}, .extraParams=Operand::ExtraParams{<no params>}}, Operand{.type=TENSOR_FLOAT32, .dimensions=[1], .scale=0, .zeroPoint=0, lifetime=SUBGRAPH_INPUT, .location=DataLocation{.pointer=<constant null pointer>, .poolIndex=0, .offset=0, .length=0, .padding=0}, .extraParams=Operand::ExtraParams{<no params>}}, Operand{.type=TENSOR_FLOAT32, .dimensions=[1], .scale=0, .zeroPoint=0, lifetime=SUBGRAPH_INPUT, .location=DataLocation{.pointer=<constant null pointer>, .poolIndex=0, .offset=0, .length=0, .padding=0}, .extraParams=Operand::ExtraParams{<no params>}}, Operand{.type=TENSOR_FLOAT32, .dimensions=[1], .scale=0, .zeroPoint=0, lifetime=SUBGRAPH_INPUT, .location=DataLocation{.pointer=<constant null pointer>, .poolIndex=0, .offset=0, .length=0, .padding=0}, .extraParams=Operand::ExtraParams{<no params>}}, Operand{.type=TENSOR_FLOAT32, .dimensions=[1], .scale=0, .zeroPoint=0, lifetime=SUBGRAPH_INPUT, .location=DataLocation{.pointer=<constant null pointer>, .poolIndex=0, .offset=0, .length=0, .padding=0}, .extraParams=Operand::ExtraParams{<no params>}}, Operand{.type=TENSOR_FLOAT32, .dimensions=[1], .scale=0, .zeroPoint=0, lifetime=SUBGRAPH_INPUT, .location=DataLocation{.pointer=<constant null pointer>, .poolIndex=0, .offset=0, .length=0, .padding=0}, .extraParams=Operand::ExtraParams{<no params>}}, Operand{.type=TENSOR_FLOAT32, .dimensions=[1], .scale=0, .zeroPoint=0, lifetime=SUBGRAPH_INPUT, .location=DataLocation{.pointer=<constant null pointer>, .poolIndex=0, .offset=0, .length=0, .padding=0}, .extraParams=Operand::ExtraParams{<no params>}}, Operand{.type=INT32, .dimensions=[], .scale=0, .zeroPoint=0, lifetime=CONSTANT_COPY, .location=DataLocation{.pointer=<constant null pointer>, .poolIndex=0, .offset=0, .length=4, .padding=0}, .extraParams=Operand::ExtraParams{<no params>}}, Operand{.type=TENSOR_FLOAT32, .dimensions=[1], .scale=0, .zeroPoint=0, lifetime=TEMPORARY_VARIABLE, .location=DataLocation{.pointer=<constant null pointer>, .poolIndex=0, .offset=0, .length=0, .padding=0}, .extraParams=Operand::ExtraParams{<no params>}}, Operand{.type=INT32, .dimensions=[], .scale=0, .zeroPoint=0, lifetime=CONSTANT_COPY, .location=DataLocation{.pointer=<constant null pointer>, .poolIndex=0, .offset=4, .length=4, .padding=0}, .extraParams=Operand::ExtraParams{<no params>}}, Operand{.type=TENSOR_FLOAT32, .dimensions=[1], .scale=0, .zeroPoint=0, lifetime=SUBGRAPH_OUTPUT, .location=DataLocation{.pointer=<constant null pointer>, .poolIndex=0, .offset=0, .length=0, .padding=0}, .extraParams=Operand::ExtraParams{<no p
2025-11-11 13:09:14.951 32097-9027  CpuExecutor             com.videointerpolation.app           I  Completed run normally
2025-11-11 13:09:14.951 32097-9027  CpuExecutor             com.videointerpolation.app           I  CpuExecutor::setOutputShapes: mOutputShapes[0] = OutputShape{.dimensions=[1], .isSufficient=true}
2025-11-11 13:09:14.951 32097-9027  CpuExecutor             com.videointerpolation.app           I  CpuExecutor::setOutputShapes: mOutputShapes[1] = OutputShape{.dimensions=[1], .isSufficient=true}
2025-11-11 13:09:14.951 32097-9027  CpuExecutor             com.videointerpolation.app           I  CpuExecutor::setOutputShapes: mOutputShapes[2] = OutputShape{.dimensions=[1], .isSufficient=true}
2025-11-11 13:09:14.951 32097-9027  CpuExecutor             com.videointerpolation.app           I  CpuExecutor::setOutputShapes: mOutputShapes[3] = OutputShape{.dimensions=[1], .isSufficient=true}
2025-11-11 13:09:14.951 32097-9027  CpuExecutor             com.videointerpolation.app           I  CpuExecutor::setOutputShapes: mOutputShapes[4] = OutputShape{.dimensions=[1], .isSufficient=true}
2025-11-11 13:09:14.951 32097-9027  CpuExecutor             com.videointerpolation.app           I  CpuExecutor::setOutputShapes: mOutputShapes[5] = OutputShape{.dimensions=[1], .isSufficient=true}
2025-11-11 13:09:14.951 32097-9027  CpuExecutor             com.videointerpolation.app           I  CpuExecutor::setOutputShapes: mOutputShapes[6] = OutputShape{.dimensions=[1], .isSufficient=true}
2025-11-11 13:09:14.951 32097-9027  CpuExecutor             com.videointerpolation.app           I  CpuExecutor::setOutputShapes: mOutputShapes[7] = OutputShape{.dimensions=[1], .isSufficient=true}
2025-11-11 13:09:14.951 32097-9027  CpuExecutor             com.videointerpolation.app           I  CpuExecutor::setOutputShapes: mOutputShapes[8] = OutputShape{.dimensions=[1], .isSufficient=true}
2025-11-11 13:09:14.951 32097-9027  CpuExecutor             com.videointerpolation.app           I  CpuExecutor::setOutputShapes: mOutputShapes[9] = OutputShape{.dimensions=[1], .isSufficient=true}
2025-11-11 13:09:15.615  4474-4972  ScenarioService         com.hihonor.iaware                   I  check surface view pkg: com.videointerpolation.app
2025-11-11 13:09:16.486  3003-3027  HwForceRotationManager  system_server                        V  cache can rotate: com.videointerpolation.app/com.videointerpolation.app.MainActivity
2025-11-11 13:09:16.500  3003-3027  HwForceRotationManager  system_server                        V  cache can rotate: com.videointerpolation.app/com.videointerpolation.app.MainActivity
2025-11-11 13:09:16.507  2198-2334  SurfaceFlingerEx        surfaceflinger                       I  com.videointerpolation.app setting refresh min fps: -1, skip count: 0
2025-11-11 13:09:17.032  3003-3027  PowerLogWrite           system_server                        E  write new power event, from uid:1000,tag:160,msg:10271|1|-2|NotificationManagerService:post:com.videointerpolation.app
2025-11-11 13:09:17.034  3003-3027  NotificationService     system_server                        I  enqueueNotificationInternal: pkg=com.videointerpolation.app id=2020 notification=Notification(channel=*** shortcut=null contentView=null vibrate=null sound=null defaults=0 flags=ONGOING_EVENT|ONLY_ALERT_ONCE color=0x00000000 vis=PRIVATE)
2025-11-11 13:09:17.036  3003-3027  NotificationService     system_server                        I  enqueueNotificationInternal Channel Info : pkg=com.videointerpolation.app id=2020 importance =3
2025-11-11 13:09:17.148 32097-32102 terpolation.app         com.videointerpolation.app           I  NativeAlloc concurrent mark compact GC freed 284KB AllocSpace bytes, 7(28MB) LOS objects, 49% free, 19MB/39MB, paused 148us,7.530ms total 29.212ms
2025-11-11 13:09:17.154 32097-32701 FrameInterpolator       com.videointerpolation.app           I  Align×8 active: source=3840x2160 aligned=3840x2160 capped=1280x768
2025-11-11 13:09:17.245  3003-3003  ZenLog                  system_server                        I  intercepted: 0|com.videointerpolation.app|2020|null|10271,new:!priority
2025-11-11 13:09:17.246  3003-3003  NotifAttentionHelper    system_server                        V  isSoundAllowHn pkg=com.videointerpolation.app, channelId=video_interp_channel, userId=0, soundVibrate=1
2025-11-11 13:09:17.246  3003-3003  NotifAttentionHelper    system_server                        I  muting noisy, suppressed because it's a silent update :0|com.videointerpolation.app|2020|null|10271
2025-11-11 13:09:17.252  4518-4518  NotificationListener    com.android.systemui                 I  onNotificationPosted: sbn.key=0|com.videointerpolation.app|2020|null|10271 important=3, flags 106, post=1762862957036, when=1762862957031,showWhen=true, vis=0, hasFullScreenIntent=false, style=null, isNonDismissable=false
2025-11-11 13:09:17.253  4518-4518  MediaDataManager        com.android.systemui                 I  isCustomMediaNoti, key:0|com.videointerpolation.app|2020|null|10271 false
2025-11-11 13:09:17.253  3003-3003  PowerLogWrite           system_server                        E  write new power event, from uid:1000,tag:161,msg:10271|1|-2|NotificationManagerService:post:com.videointerpolation.app
2025-11-11 13:09:17.253  4518-4518  GlobalDynCoordinator    com.android.systemui                 I  pkgName = com.videointerpolation.app channel = video_interp_channel
2025-11-11 13:09:17.253  4518-4518  PeopleSpaceWidgetMgr    com.android.systemui                 D  Notification posted, key: 0|com.videointerpolation.app|2020|null|10271
2025-11-11 13:09:17.253  4518-4518  PeopleSpaceWidgetMgr    com.android.systemui                 D  Notification posted, key: 0|com.videointerpolation.app|2020|null|10271
2025-11-11 13:09:17.253  4518-4883  PeopleSpaceWidgetMgr    com.android.systemui                 D  Sbn doesn't contain valid PeopleTileKey: null/0/com.videointerpolation.app
2025-11-11 13:09:17.253  4518-4883  PeopleSpaceWidgetMgr    com.android.systemui                 D  Sbn doesn't contain valid PeopleTileKey: null/0/com.videointerpolation.app
2025-11-11 13:09:17.253  4518-4518  HwNotifica...ryObserver com.android.systemui                 W  reportNT failed, more than 2000, sbn=0|com.videointerpolation.app|2020|null|10271
2025-11-11 13:09:17.458  2198-2334  SurfaceFlingerEx        surfaceflinger                       I  com.videointerpolation.app setting refresh min fps: 90, skip count: 0
2025-11-11 13:09:18.334  3003-3077  UsageStatsService       system_server                        I  reportEvent : component= ComponentInfo{com.videointerpolation.app/com.videointerpolation.app.MainActivity} eventType= 1
2025-11-11 13:09:18.334  3003-3027  HwForceRotationManager  system_server                        V  cache can rotate: com.videointerpolation.app/com.videointerpolation.app.MainActivity
2025-11-11 13:09:18.335  3003-3027  HwForceRotationManager  system_server                        V  cache can rotate: com.videointerpolation.app/com.videointerpolation.app.MainActivity
2025-11-11 13:09:18.335  3003-3027  HwForceRotationManager  system_server                        V  cache can rotate: com.videointerpolation.app/com.videointerpolation.app.MainActivity
2025-11-11 13:09:18.335  3003-3027  HwForceRotationManager  system_server                        V  cache can rotate: com.videointerpolation.app/com.videointerpolation.app.MainActivity
2025-11-11 13:09:18.335  3003-3027  HwForceRotationManager  system_server                        V  cache can rotate: com.videointerpolation.app/com.videointerpolation.app.MainActivity
2025-11-11 13:09:18.335  3003-3027  HwForceRotationManager  system_server                        V  cache can rotate: com.videointerpolation.app/com.videointerpolation.app.MainActivity
2025-11-11 13:09:18.335  3003-3027  HwForceRotationManager  system_server                        V  cache can rotate: com.videointerpolation.app/com.videointerpolation.app.MainActivity
2025-11-11 13:09:18.335  3003-3027  HwForceRotationManager  system_server                        V  cache can rotate: com.videointerpolation.app/com.videointerpolation.app.MainActivity
2025-11-11 13:09:18.335  3003-3027  HwForceRotationManager  system_server                        V  cache can rotate: com.videointerpolation.app/com.videointerpolation.app.MainActivity
2025-11-11 13:09:18.335  3003-3027  HwForceRotationManager  system_server                        V  cache can rotate: com.videointerpolation.app/com.videointerpolation.app.MainActivity
2025-11-11 13:09:18.336  3003-3027  HwForceRotationManager  system_server                        V  cache can rotate: com.videointerpolation.app/com.videointerpolation.app.MainActivity
2025-11-11 13:09:18.336  3003-3027  HwForceRotationManager  system_server                        V  cache can rotate: com.videointerpolation.app/com.videointerpolation.app.MainActivity
2025-11-11 13:09:18.336  3003-3027  HwForceRotationManager  system_server                        V  cache can rotate: com.videointerpolation.app/com.videointerpolation.app.MainActivity
2025-11-11 13:09:18.336  3003-3027  HwForceRotationManager  system_server                        V  cache can rotate: com.videointerpolation.app/com.videointerpolation.app.MainActivity
2025-11-11 13:09:18.336  4460-24227 Booster_AwareMonitor    com.hihonor.systemserver             I  [handleNonTopAppToForeground] uid:10271 pkgName:com.videointerpolation.app uidState:2
2025-11-11 13:09:18.337  3003-3027  HwForceRotationManager  system_server                        V  cache can rotate: com.videointerpolation.app/com.videointerpolation.app.MainActivity
2025-11-11 13:09:18.337  4460-4620  Booster_OllieObserver   com.hihonor.systemserver             I  notify registrants event: EVENT_ACTIVITY_STATE_CHANGED, new ActivityInfo: uid = 10271, packageName = com.videointerpolation.app, activity = com.videointerpolation.app, procState = 2
2025-11-11 13:09:18.337  4460-4468  Hypercomm_AwareMonitor  com.hihonor.systemserver             I  [handleAppToForeground] pkgName: com.videointerpolation.app, uid: 10271, isForeground: true
2025-11-11 13:09:18.337  3003-3027  HwForceRotationManager  system_server                        V  cache can rotate: com.videointerpolation.app/com.videointerpolation.app.MainActivity
2025-11-11 13:09:18.337  4460-4622  NetworkQoeChr           com.hihonor.systemserver             I  checkForegroundApp timer end com.videointerpolation.app
2025-11-11 13:09:18.337  3003-3027  HwForceRotationManager  system_server                        V  cache can rotate: com.videointerpolation.app/com.videointerpolation.app.MainActivity
2025-11-11 13:09:18.338  3003-3027  HwForceRotationManager  system_server                        V  cache can rotate: com.videointerpolation.app/com.videointerpolation.app.MainActivity
2025-11-11 13:09:18.340 32097-32097 ActivityThread          com.videointerpolation.app           D  Won't deliver top position change in state=5
2025-11-11 13:09:18.340  3003-6118  HwWindowStateEx         system_server                        D  construct win com.android.server.wm.HwWindowStateEx@8519013,comp ComponentInfo{com.videointerpolation.app/com.videointerpolation.app.MainActivity},mLayoutInCutoutLandscape false
2025-11-11 13:09:18.340 32097-32097 ActivityThread          com.videointerpolation.app           I  Performing restart of ActivityRecord{7ee70ac token=android.os.BinderProxy@7f582b9 {com.videointerpolation.app/com.videointerpolation.app.MainActivity}} start=false callers:android.app.servertransaction.TransactionExecutor.performLifecycleSequence:310 android.app.servertransaction.TransactionExecutor.cycleToPath:265 android.app.servertransaction.TransactionExecutor.executeLifecycleItem:237 android.app.servertransaction.TransactionExecutor.executeTransactionItems:122 android.app.servertransaction.TransactionExecutor.execute:90 android.app.ActivityThread$H.handleMessage:3336 android.os.Handler.dispatchMessage:118 android.os.Looper.loopOnce:237 android.os.Looper.loop:325 android.app.ActivityThread.main:10378
2025-11-11 13:09:18.340  3003-6118  HwForceRotationManager  system_server                        V  cache can rotate: com.videointerpolation.app/com.videointerpolation.app.MainActivity
2025-11-11 13:09:18.341  3003-6118  HwForceRotationManager  system_server                        V  cache can rotate: com.videointerpolation.app/com.videointerpolation.app.MainActivity
2025-11-11 13:09:18.341  3003-6118  HwForceRotationManager  system_server                        V  cache can rotate: com.videointerpolation.app/com.videointerpolation.app.MainActivity
2025-11-11 13:09:18.341  3003-6118  HwForceRotationManager  system_server                        V  cache can rotate: com.videointerpolation.app/com.videointerpolation.app.MainActivity
2025-11-11 13:09:18.341  3003-6118  HwForceRotationManager  system_server                        V  cache can rotate: com.videointerpolation.app/com.videointerpolation.app.MainActivity
2025-11-11 13:09:18.341  3003-6118  HwForceRotationManager  system_server                        V  cache can rotate: com.videointerpolation.app/com.videointerpolation.app.MainActivity
2025-11-11 13:09:18.341  3003-6118  HwForceRotationManager  system_server                        V  cache can rotate: com.videointerpolation.app/com.videointerpolation.app.MainActivity
2025-11-11 13:09:18.344  3003-6122  SurfaceControl          system_server                        I  setRelativeLayer sc:Surface(name=ImeContainer)/@0x1a17b13,  relativeTo:Surface(name=ActivityRecord{14ae54a u0 com.videointerpolation.app/.MainActivity t2279 mVisible=false mOccludesParent=true mode=fullscreen boundsRect(0, 0 - 3000, 1920)})/@0x27875a0,  z:1
2025-11-11 13:09:18.344  3003-6122  HwForceRotationManager  system_server                        V  cache can rotate: com.videointerpolation.app/com.videointerpolation.app.MainActivity
2025-11-11 13:09:18.344  3003-6122  HwForceRotationManager  system_server                        V  cache can rotate: com.videointerpolation.app/com.videointerpolation.app.MainActivity
2025-11-11 13:09:18.344  3003-6122  HwForceRotationManager  system_server                        V  cache can rotate: com.videointerpolation.app/com.videointerpolation.app.MainActivity
2025-11-11 13:09:18.344  3003-6122  HwForceRotationManager  system_server                        V  cache can rotate: com.videointerpolation.app/com.videointerpolation.app.MainActivity
2025-11-11 13:09:18.347  4460-4622  KitQoeManager           com.hihonor.systemserver             D  com.videointerpolation.app, mForeActivityName com.videointerpolation.app
2025-11-11 13:09:18.343  4474-4972  ScenarioService         com.hihonor.iaware                   D  front pkg : com.videointerpolation.app launcher: false
2025-11-11 13:09:18.348  4474-5144  MediaNetCtrl            com.hihonor.iaware                   D  handleAppFgchanged, pkg is: com.videointerpolation.app policy is: 0
2025-11-11 13:09:18.348  4474-4972  AppsUsage               com.hihonor.iaware                   I  scnOff:false fgAPP:com.videointerpolation.app
2025-11-11 13:09:18.352  3003-3078  WMTransition            system_server                        I  Start calculating TransitionInfo based on participants: {ActivityRecord{14ae54a u0 com.videointerpolation.app/.MainActivity t2279 mVisible=true mOccludesParent=true mode=fullscreen boundsRect(0, 0 - 3000, 1920)}}
2025-11-11 13:09:18.352  3003-3078  WMTransition            system_server                        I  Initial targets: {1096=ActivityRecord{14ae54a u0 com.videointerpolation.app/.MainActivity t2279 mVisible=true mOccludesParent=true mode=fullscreen boundsRect(0, 0 - 3000, 1920)}}
2025-11-11 13:09:18.352  3003-3078  WMTransition            system_server                        I  Final targets: [Task{fda0c16 #2279 type=standard A=10271:com.videointerpolation.app}, DefaultTaskDisplayArea@77816632]
2025-11-11 13:09:18.353  3003-3078  HwWindowMa...rServiceEx system_server                        I  constructHnTransitionAnimationInfo type: open activity : ActivityRecord{14ae54a u0 com.videointerpolation.app/.MainActivity t2279 mVisible=true mOccludesParent=true mode=fullscreen boundsRect(0, 0 - 3000, 1920)}, isSplitMode : false
2025-11-11 13:09:18.353  3003-3078  HwWindowMa...rServiceEx system_server                        D  unsupport avoid c area, packageName: com.videointerpolation.app, activityName: com.videointerpolation.app.MainActivity
2025-11-11 13:09:18.357  3003-3074  WindowManager           system_server                        V      info={id=1431 t=TO_BACK f=0x104 trk=0 includeEmbeddedWindow=false isKeyGuardLocked=true r=[0@Point(0, 0)#false] c=[
                                                                                                            {WCT{RemoteToken{e36116f Task{fda0c16 #2279 type=standard A=10271:com.videointerpolation.app}}} m=TO_FRONT f=NONE p=WCT{RemoteToken{54fe909 DefaultTaskDisplayArea@77816632}} leash=Surface(name=Task=2279)/@0xc075736 sb=Rect(0, 0 - 3000, 1920) eb=Rect(0, 0 - 3000, 1920) d=0 taskParent=-1 mSkipAnimation=false taskId = 0},
                                                                                                            {WCT{RemoteToken{54fe909 DefaultTaskDisplayArea@77816632}} m=TO_FRONT f=NONE leash=Surface(name=DefaultTaskDisplayArea)/@0xf59bd47 sb=Rect(0, 0 - 3000, 1920) eb=Rect(0, 0 - 3000, 1920) d=0 mSkipAnimation=false taskId = 0}
                                                                                                        ]}
2025-11-11 13:09:18.361 32097-32097 DecorView[]             com.videointerpolation.app           I  set decor visibility 0
2025-11-11 13:09:18.364  4474-5144  PG_ash                  com.hihonor.iaware                   I  front pkg : com.videointerpolation.app
2025-11-11 13:09:18.364  4474-5185  PGServer                com.hihonor.iaware                   I  report state:10000 event type:2 pid:0 uid:0 pkg:com.videointerpolation.app to pid: 4460
2025-11-11 13:09:18.364  4474-5185  PGServer                com.hihonor.iaware                   I  report state:10000 event type:2 pid:0 uid:0 pkg:com.videointerpolation.app to pid: 3003
2025-11-11 13:09:18.364  4474-5185  PGServer                com.hihonor.iaware                   I  report state:10000 event type:2 pid:0 uid:0 pkg:com.videointerpolation.app to pid: 4474
2025-11-11 13:09:18.364  4474-5185  PGServer                com.hihonor.iaware                   I  report state:10000 event type:1 pid:0 uid:0 pkg:com.videointerpolation.app to pid: 4460
2025-11-11 13:09:18.364  4474-5185  PGServer                com.hihonor.iaware                   I  report state:10000 event type:1 pid:0 uid:0 pkg:com.videointerpolation.app to pid: 3003
2025-11-11 13:09:18.364  4474-5185  PGServer                com.hihonor.iaware                   I  report state:10000 event type:1 pid:0 uid:0 pkg:com.videointerpolation.app to pid: 4474
2025-11-11 13:09:18.364  4518-4518  NotifRowController      com.android.systemui                 I  NotificationContentView getAlpha: 1.0 getVisibility: 0 shouldShowPublic: false key: 0|com.videointerpolation.app|2020|null|10271
2025-11-11 13:09:18.364  4460-4468  HnContentRegService     com.hihonor.systemserver             I  getIsInWhiteList: packageName com.videointerpolation.app activityName com.videointerpolation.app.MainActivity viewInfo null
2025-11-11 13:09:18.365 32097-32097 DecorView[]             com.videointerpolation.app           I  set decor visibility 0
2025-11-11 13:09:18.365 32097-32111 ZrHung.AppEyeUiProbe    com.videointerpolation.app           D  restart watching
2025-11-11 13:09:18.365  3003-6122  HwForceRotationManager  system_server                        V  cache can rotate: com.videointerpolation.app/com.videointerpolation.app.MainActivity
2025-11-11 13:09:18.366  3003-6122  HWMW_HwMag...ifeManager system_server                        I  ### Execute -> resumeActivityForHwMagicWin ActivityRecord resumeActivity = ActivityRecord{14ae54a u0 com.videointerpolation.app/.MainActivity t2279 mVisible=true mOccludesParent=true mode=fullscreen boundsRect(0, 0 - 3000, 1920)} isInFoldedStatus:false
2025-11-11 13:09:18.366  3003-6122  HWMW_HwMag...ifeManager system_server                        I  resumeActivityForHwMagicWin return, resumeActivity: ActivityRecord{14ae54a u0 com.videointerpolation.app/.MainActivity t2279 mVisible=true mOccludesParent=true mode=fullscreen boundsRect(0, 0 - 3000, 1920)}
2025-11-11 13:09:18.369  3003-3027  DE J DES                system_server                        I  [effect] Pg pkg:com.videointerpolation.app
2025-11-11 13:09:18.369  4460-4468  HnContentRegService     com.hihonor.systemserver             I  getIsInWhiteList: no packageName com.videointerpolation.app
2025-11-11 13:09:18.370 32097-32129 ContentDelivererImpl    com.videointerpolation.app           I  isFeatureOpen: true
2025-11-11 13:09:18.371 32097-32129 ContentDelivererImpl    com.videointerpolation.app           I  isNeedConfig: isReportBlack false isWhitePackage false isGameApp false isFeatureOpen true
2025-11-11 13:09:18.373  4460-4622  UserSceneController     com.hihonor.systemserver             I  current priorityList is : uid:10271 sceneId:512 pkgName:com.videointerpolation.app priority:3.5 |  uid:10183 sceneId:512 pkgName:com.google.android.providers.media.module priority:4.0 |
2025-11-11 13:09:18.373  4460-4622  UserSceneController     com.hihonor.systemserver             D  current sceneMap size = 2 as : {Pair{10183 512}=packageName is com.google.android.providers.media.module, uid is 10183, scene is 512,subScene is 1 bindActivity com.android.providers.media.photopicker.PhotoPickerGetContentActivity, windowState is 1 activityInfo uid = 10183, packageName = com.google.android.providers.media.module, activity = com.android.providers.media.photopicker.PhotoPickerGetContentActivity, procState = 2, priority is 10.0, keySocket is [], ServerIp is [], pid is -1, socketFd is [], Pair{10271 512}=packageName is com.videointerpolation.app, uid is 10271, scene is 512,subScene is 1 bindActivity com.videointerpolation.app, windowState is 1 activityInfo uid = 10271, packageName = com.videointerpolation.app, activity = com.videointerpolation.app, procState = 2, priority is 10.0, keySocket is [], ServerIp is [], pid is -1, socketFd is []}
2025-11-11 13:09:18.373  3003-6125  HwActivity...rServiceEx system_server                        I  notifySfVsync uniquePkg=com.videointerpolation.app:10271 vsyncSwitch=false type=2 mBackGroundAppPkgSet.size=18
2025-11-11 13:09:18.373  2198-5300  SurfaceFlingerEx        surfaceflinger                       I  setSpecialAppVsync pkgName:com.videointerpolation.app:10271, frameRate:120, vsyncSwitch:0
2025-11-11 13:09:18.373  2198-5300  EventThread             surfaceflinger                       I  setSpecialAppVsync vsyncSwitch:0, name:com.videointerpolation.app, uid:10271
2025-11-11 13:09:18.377  2198-5300  SurfaceFlinger          surfaceflinger                       I  createLayer layername: com.videointerpolation.app/com.videointerpolation.app.MainActivity type: Layer address = 0xb400007c498947b0
2025-11-11 13:09:18.378  4460-4622  FiQoeManager            com.hihonor.systemserver             D  handlePriorityAppChanged isCurPriorityApp: true, pkgName:com.videointerpolation.app, uid: 10271
2025-11-11 13:09:18.378  4460-4622  NetworkQoe              com.hihonor.systemserver             I  appChanged: mCurDetectAppUid = 10271, mCurDetectPkgName:com.videointerpolation.app
2025-11-11 13:09:18.382  3003-6125  HwForceRotationManager  system_server                        V  cache can rotate: com.videointerpolation.app/com.videointerpolation.app.MainActivity
2025-11-11 13:09:18.382  3003-6125  HwForceRotationManager  system_server                        V  cache can rotate: com.videointerpolation.app/com.videointerpolation.app.MainActivity
2025-11-11 13:09:18.382  3003-6125  HwForceRotationManager  system_server                        V  cache can rotate: com.videointerpolation.app/com.videointerpolation.app.MainActivity
2025-11-11 13:09:18.382  3003-6125  HwForceRotationManager  system_server                        V  cache can rotate: com.videointerpolation.app/com.videointerpolation.app.MainActivity
2025-11-11 13:09:18.385  3003-6125  SurfaceControl          system_server                        I  nativeRelease 0xb40000760555c090 count: 1 name: com.videointerpolation.app/com.videointerpolation.app.MainActivity#28864
2025-11-11 13:09:18.386  3003-6122  HwForceRotationManager  system_server                        V  cache can rotate: com.videointerpolation.app/com.videointerpolation.app.MainActivity
2025-11-11 13:09:18.386  3003-6122  HwForceRotationManager  system_server                        V  cache can rotate: com.videointerpolation.app/com.videointerpolation.app.MainActivity
2025-11-11 13:09:18.387 32097-32097 VRI[MainActivity]       com.videointerpolation.app           D  relayoutWindow: mRelayoutRequested = true
2025-11-11 13:09:18.387 32097-32097 SurfaceControl          com.videointerpolation.app           I  nativeRelease 0xb40000760552e670 count: 1 name: Surface(name=6c1cc36 InputMethod)/@0x45d54a4 - animation-leash of insets_animation#28848
2025-11-11 13:09:18.388 32097-32097 libc                    com.videointerpolation.app           W  Access denied finding property "ro.debuggable"
2025-11-11 13:09:18.388 32097-32097 BufferQueueConsumer     com.videointerpolation.app           I  [](id:7d6100000004,api:0,p:-1,c:32097) connect: controlledByApp=false
2025-11-11 13:09:18.389 32097-32097 FullScreenUtils         com.videointerpolation.app           D  isNeedToHideStatusBar: splitscreenstate=-1
2025-11-11 13:09:18.391  3003-3344  WindowManager           system_server                        I  Changing focus from Window{3162e73 u0 NotificationShade} to Window{db64a77 u0 com.videointerpolation.app/com.videointerpolation.app.MainActivity} mode 0 displayId=0
2025-11-11 13:09:18.391 32097-32125 libEGL                  com.videointerpolation.app           D  [eglCreateWindowSurface] start window is 12970367434193080832
2025-11-11 13:09:18.391 32097-32125 BufferQueueProducer     com.videointerpolation.app           I  [VRI[MainActivity]#4(BLAST Consumer)4](id:7d6100000004,api:0,p:-1,c:32097) connect: api=1 producerControlledByApp=true
2025-11-11 13:09:18.391  3003-3344  HwSwingPolicyService    system_server                        I  notifyFocusChange focusWindowTitle:com.videointerpolation.app/com.videointerpolation.app.MainActivity
2025-11-11 13:09:18.391  3003-3344  HnSwingMotionGestureHub system_server                        I  current app:com.videointerpolation.app,appType:-1
2025-11-11 13:09:18.392  3003-3344  HwPhoneWindowManager    system_server                        V  updateSystemUiColorLw window=Window{db64a77 u0 com.videointerpolation.app/com.videointerpolation.app.MainActivity},MagicStyle=0,StatusBarColor=0xff1565c0,NavigationBarColor=0xff000000, mForceNotchStatusBar=false
2025-11-11 13:09:18.394  3003-3344  HwForceRotationManager  system_server                        V  cache can rotate: com.videointerpolation.app/com.videointerpolation.app.MainActivity
2025-11-11 13:09:18.395  3003-3344  HwForceRotationManager  system_server                        V  cache can rotate: com.videointerpolation.app/com.videointerpolation.app.MainActivity
2025-11-11 13:09:18.395  3003-3344  HwForceRotationManager  system_server                        V  cache can rotate: com.videointerpolation.app/com.videointerpolation.app.MainActivity
2025-11-11 13:09:18.395  3003-3344  HwForceRotationManager  system_server                        V  cache can rotate: com.videointerpolation.app/com.videointerpolation.app.MainActivity
2025-11-11 13:09:18.396  3003-6118  HwForceRotationManager  system_server                        V  cache can rotate: com.videointerpolation.app/com.videointerpolation.app.MainActivity
2025-11-11 13:09:18.397  4460-15625 DataNetworkSharingState com.hihonor.systemserver             I  ClientIdleState handled msg: FocusAppChange(msgFlag:6), pkgName: com.videointerpolation.app(uid:10271), Focus same app, do nothing
