2025-11-11 13:09:25.097 32097-9183  CpuExecutor             com.videointerpolation.app           I  CpuExecutor::setOutputShapes: mOutputShapes[8] = OutputShape{.dimensions=[1], .isSufficient=true}
2025-11-11 13:09:25.097 32097-9183  CpuExecutor             com.videointerpolation.app           I  CpuExecutor::setOutputShapes: mOutputShapes[9] = OutputShape{.dimensions=[1], .isSufficient=true}
2025-11-11 13:09:26.367  2486-3294  AGPService              AGPService                           I  UpdateCurrentPackage com.videointerpolation.app type -1
2025-11-11 13:09:26.367  2486-3294  AGPService              AGPService                           I  FrameRateManager: aps-info: new pkgName - com.videointerpolation.app, type - -1
2025-11-11 13:09:26.370  2486-3294  ITouchService           AGPService                           I  GameXsyncManager:OnGameInfoRecevied p com.videointerpolation.app
2025-11-11 13:09:26.371  2486-3294  AGPService              AGPService                           I  GUEStateManager:OnGamePkgInfoReceived  pkgName is : com.videointerpolation.app , status is 0
2025-11-11 13:09:26.371  2486-3294  AGPService              AGPService                           I  BasePlugin::updateSysState  com.videointerpolation.app&0, code is 8
2025-11-11 13:09:26.371  2486-3294  AGPService              AGPService                           D  State:: Set State is 8, com.videointerpolation.app&0
2025-11-11 13:09:26.371  2486-3294  AGPService              AGPService                           I  SFPlugin UpdateGamePkgInfo: pkgName:[com.videointerpolation.app], gameScene:[0]
2025-11-11 13:09:26.650 32097-32102 terpolation.app         com.videointerpolation.app           I  Background concurrent mark compact GC freed 64KB AllocSpace bytes, 0(0B) LOS objects, 37% free, 40MB/64MB, paused 115us,5.138ms total 22.541ms
2025-11-11 13:09:26.663 32097-32097 InputMethodManager      com.videointerpolation.app           I  handleMessage: MSG_SET_INTERACTIVE false, was true
2025-11-11 13:09:26.667  3003-6118  HwForceRotationManager  system_server                        V  cache can rotate: com.videointerpolation.app/com.videointerpolation.app.MainActivity
2025-11-11 13:09:26.668  3003-6118  HwForceRotationManager  system_server                        V  cache can rotate: com.videointerpolation.app/com.videointerpolation.app.MainActivity
2025-11-11 13:09:26.670  2198-2340  RenderEngine            surfaceflinger                       D  [com.videointerpolation.app/com.videointerpolation.app.MainActivity#28864] set isRequiresLinearEffect false when dimming ratio equals 1.
2025-11-11 13:09:26.682  2198-2340  RenderEngine            surfaceflinger                       D  [com.videointerpolation.app/com.videointerpolation.app.MainActivity#28864] set isRequiresLinearEffect false when dimming ratio equals 1.
2025-11-11 13:09:26.689  3003-4456  WindowManager           system_server                        I  EHDR real capture,task: Task{fda0c16 #2279 type=standard A=10271:com.videointerpolation.app} ,snapshot: TaskSnapshot{ mId=1762862966670 mCaptureTime=275717228398227 mTopActivityComponent=com.videointerpolation.app/.MainActivity mSnapshot=android.hardware.HardwareBuffer@9c81046 (3000x1920) mColorSpace=Display P3 (id=7, model=RGB) mOrientation=2 mRotation=1 mTaskSize=Point(3000, 1920) mContentInsets=[0,80][0,48] mLetterboxInsets=[0,0][0,0] mIsLowResolution=false mIsRealSnapshot=true mWindowingMode=1 mAppearance=0 mIsTranslucent=false mHasImeSurface=false mIsForceRotate=false mInternalReferences=0
2025-11-11 13:09:26.700  3003-6114  NotificationService     system_server                        I  enqueueNotificationInternal: pkg=com.videointerpolation.app id=2020 notification=Notification(channel=*** shortcut=null contentView=null vibrate=null sound=null defaults=0 flags=ONGOING_EVENT|ONLY_ALERT_ONCE color=0x00000000 vis=PRIVATE)
2025-11-11 13:09:26.700  3003-6114  NotificationService     system_server                        I  enqueueNotificationInternal Channel Info : pkg=com.videointerpolation.app id=2020 importance =3
2025-11-11 13:09:26.707  3003-6114  HwForceRotationManager  system_server                        V  cache can rotate: com.videointerpolation.app/com.videointerpolation.app.MainActivity
2025-11-11 13:09:26.707  3003-6114  HwForceRotationManager  system_server                        V  cache can rotate: com.videointerpolation.app/com.videointerpolation.app.MainActivity
2025-11-11 13:09:26.707  3003-6114  HwForceRotationManager  system_server                        V  cache can rotate: com.videointerpolation.app/com.videointerpolation.app.MainActivity
2025-11-11 13:09:26.707  3003-6114  HwForceRotationManager  system_server                        V  cache can rotate: com.videointerpolation.app/com.videointerpolation.app.MainActivity
2025-11-11 13:09:26.735  2198-2198  Scheduler               surfaceflinger                       I  applyPolicy: layerName com.videointerpolation.app/com.videointerpolation.app.MainActivity#28864, type Heuristic, desiredRefreshRate 90.00
2025-11-11 13:09:26.806 32097-32701 FrameInterpolator       com.videointerpolation.app           I  Align×8 active: source=3840x2160 aligned=3840x2160 capped=1280x768
2025-11-11 13:09:26.825 32097-32102 terpolation.app         com.videointerpolation.app           I  NativeAlloc concurrent mark compact GC freed 344KB AllocSpace bytes, 5(20MB) LOS objects, 46% free, 27MB/51MB, paused 126us,5.170ms total 29.525ms
2025-11-11 13:09:26.846  2198-2340  RenderEngine            surfaceflinger                       D  [com.videointerpolation.app/com.videointerpolation.app.MainActivity#28864] set isRequiresLinearEffect false when dimming ratio equals 1.
2025-11-11 13:09:26.852  3003-3077  WindowManager           system_server                        I  EHDR real capture,task: Task{fda0c16 #2279 type=standard A=10271:com.videointerpolation.app} ,snapshot: TaskSnapshot{ mId=1762862966841 mCaptureTime=275717392306612 mTopActivityComponent=com.videointerpolation.app/.MainActivity mSnapshot=android.hardware.HardwareBuffer@9f7022a (3000x1920) mColorSpace=Display P3 (id=7, model=RGB) mOrientation=2 mRotation=1 mTaskSize=Point(3000, 1920) mContentInsets=[0,80][0,48] mLetterboxInsets=[0,0][0,0] mIsLowResolution=false mIsRealSnapshot=true mWindowingMode=1 mAppearance=0 mIsTranslucent=false mHasImeSurface=false mIsForceRotate=false mInternalReferences=0
2025-11-11 13:09:26.854  3003-3125  HwForceRotationManager  system_server                        V  cache can rotate: com.videointerpolation.app/com.videointerpolation.app.MainActivity
2025-11-11 13:09:26.858 32097-32097 RtgSchedManager         com.videointerpolation.app           E  endActivityTransaction: margin state not match
2025-11-11 13:09:26.860  3003-3077  UsageStatsService       system_server                        I  reportEvent : component= ComponentInfo{com.videointerpolation.app/com.videointerpolation.app.MainActivity} eventType= 2
2025-11-11 13:09:26.860  3003-6114  SurfaceControl          system_server                        I  setRelativeLayer sc:Surface(name=ImeContainer)/@0x1a17b13,  relativeTo:Surface(name=ActivityRecord{14ae54a u0 com.videointerpolation.app/.MainActivity t2279 mVisible=false mOccludesParent=true mode=fullscreen boundsRect(0, 0 - 3000, 1920)})/@0x27875a0,  z:1
2025-11-11 13:09:26.860  3003-6114  WindowManager           system_server                        I  Changing focus from Window{db64a77 u0 com.videointerpolation.app/com.videointerpolation.app.MainActivity} to null mode 3 displayId=0
2025-11-11 13:09:26.863 32097-32097 RtgSchedManager         com.videointerpolation.app           E  endActivityTransaction: margin state not match
2025-11-11 13:09:26.864  3003-3077  HwForceRotationManager  system_server                        V  cache can rotate: com.videointerpolation.app/com.videointerpolation.app.MainActivity
2025-11-11 13:09:26.865  4460-4468  Booster_AwareMonitor    com.hihonor.systemserver             I  [handleUidBoundTop] uid:10271 packageName:com.videointerpolation.app className:com.videointerpolation.app uidState:4
2025-11-11 13:09:26.866  4460-4620  Booster_OllieObserver   com.hihonor.systemserver             I  notify registrants event: EVENT_ACTIVITY_STATE_CHANGED, new ActivityInfo: uid = 10271, packageName = com.videointerpolation.app, activity = com.videointerpolation.app, procState = 3
2025-11-11 13:09:26.866  4460-24227 Hypercomm_AwareMonitor  com.hihonor.systemserver             I  [handleAppToForeground] pkgName: com.videointerpolation.app, uid: 10271, isForeground: false
2025-11-11 13:09:26.872 32097-32097 VRI[MainActivity]       com.videointerpolation.app           D  visibilityChanged oldVisibility=true newVisibility=false
2025-11-11 13:09:26.872  4460-4622  UserSceneController     com.hihonor.systemserver             I  current priorityList is : uid:10183 sceneId:512 pkgName:com.google.android.providers.media.module priority:3.5 |  uid:10271 sceneId:512 pkgName:com.videointerpolation.app priority:10.0 |
2025-11-11 13:09:26.872  4460-4622  UserSceneController     com.hihonor.systemserver             D  current sceneMap size = 2 as : {Pair{10183 512}=packageName is com.google.android.providers.media.module, uid is 10183, scene is 512,subScene is 1 bindActivity com.android.providers.media.photopicker.PhotoPickerGetContentActivity, windowState is 1 activityInfo uid = 10183, packageName = com.google.android.providers.media.module, activity = com.android.providers.media.photopicker.PhotoPickerGetContentActivity, procState = 2, priority is 10.0, keySocket is [], ServerIp is [], pid is -1, socketFd is [], Pair{10271 512}=packageName is com.videointerpolation.app, uid is 10271, scene is 512,subScene is 1 bindActivity com.videointerpolation.app, windowState is 4 activityInfo uid = 10271, packageName = com.videointerpolation.app, activity = com.videointerpolation.app, procState = 2, priority is 10.0, keySocket is [], ServerIp is [], pid is -1, socketFd is []}
2025-11-11 13:09:26.873  4460-4622  FiQoeManager            com.hihonor.systemserver             D  handlePriorityAppChanged isCurPriorityApp: false, pkgName:com.videointerpolation.app, uid: 10271
2025-11-11 13:09:26.875  2198-2198  SurfaceFlinger          surfaceflinger                       I  [com.videointerpolation.app/com.videointerpolation.app.MainActivity#28864] apply visible 0 transactionId 740811
2025-11-11 13:09:26.877  3003-6114  InputDispatcher         system_server                        I  Focus left window: db64a77 com.videointerpolation.app/com.videointerpolation.app.MainActivity in display 0
2025-11-11 13:09:26.877  3003-3409  InputTransport          system_server                        I  publishFocusEvent(inputChannel = db64a77 com.videointerpolation.app/com.videointerpolation.app.MainActivity (server), hasFocus = false)
2025-11-11 13:09:26.878 32097-32097 VRI[MainActivity]       com.videointerpolation.app           I  send MSG_WINDOW_FOCUS_CHANGED msg
2025-11-11 13:09:26.878 32097-32097 InputEventReceiver      com.videointerpolation.app           I  consumeEvents focus, 0
2025-11-11 13:09:26.881 32097-32125 libEGL                  com.videointerpolation.app           D  [eglDestroySurface] start surface is 0xb4000075b15a9950
2025-11-11 13:09:26.882 32097-32125 BufferQueueProducer     com.videointerpolation.app           I  [VRI[MainActivity]#4(BLAST Consumer)4](id:7d6100000004,api:1,p:32097,c:32097) disconnect: api 1
2025-11-11 13:09:26.885  3003-6125  HwForceRotationManager  system_server                        V  cache can rotate: com.videointerpolation.app/com.videointerpolation.app.MainActivity
2025-11-11 13:09:26.885  3003-6125  HwForceRotationManager  system_server                        V  cache can rotate: com.videointerpolation.app/com.videointerpolation.app.MainActivity
2025-11-11 13:09:26.885  3003-6125  hnWindowIn...tionUpdate system_server                        I  toSaveActivityMode start ...title=com.videointerpolation.app/com.videointerpolation.app.MainActivity,returnNum=1isVisible=false
2025-11-11 13:09:26.886 32097-32097 SurfaceControl          com.videointerpolation.app           I  nativeRelease 0xb40000760552e9d0 count: 2 name: com.videointerpolation.app/com.videointerpolation.app.MainActivity#28864
2025-11-11 13:09:26.886 32097-32097 VRI[MainActivity]       com.videointerpolation.app           D  relayoutWindow: mRelayoutRequested = true
2025-11-11 13:09:26.886 32097-32097 SurfaceControl          com.videointerpolation.app           I  nativeRelease 0xb4000076056379f0 count: 1 name: Surface(name=e57005c StatusBar)/@0x7f7a18f - animation-leash of insets_animation#28865
2025-11-11 13:09:26.886 32097-32097 SurfaceControl          com.videointerpolation.app           I  nativeRelease 0xb4000076055ea350 count: 1 name: Surface(name=6c1cc36 InputMethod)/@0x45d54a4 - animation-leash of insets_animation#28848
2025-11-11 13:09:26.886 32097-32097 SurfaceControl          com.videointerpolation.app           I  nativeRelease 0xb400007605634cf0 count: 1 name: Surface(name=2cc9a79 NavigationBar0)/@0xb438c1c - animation-leash of insets_animation#28866
2025-11-11 13:09:26.887 32097-32097 BufferQueueConsumer     com.videointerpolation.app           I  [VRI[MainActivity]#4(BLAST Consumer)4](id:7d6100000004,api:0,p:-1,c:32097) disconnect
2025-11-11 13:09:26.887 32097-32097 FullScreenUtils         com.videointerpolation.app           D  isNeedToHideStatusBar: splitscreenstate=-1
2025-11-11 13:09:26.891 32097-32097 DecorView[]             com.videointerpolation.app           I  set decor visibility 4
2025-11-11 13:09:26.891 32097-32097 RtgSchedManager         com.videointerpolation.app           E  endActivityTransaction: margin state not match
2025-11-11 13:09:26.904  3003-3344  HwForceRotationManager  system_server                        V  cache can rotate: com.videointerpolation.app/com.videointerpolation.app.MainActivity
2025-11-11 13:09:26.904  3003-3003  ZenLog                  system_server                        I  intercepted: 0|com.videointerpolation.app|2020|null|10271,new:!priority
2025-11-11 13:09:26.905  3003-3344  HwForceRotationManager  system_server                        V  cache can rotate: com.videointerpolation.app/com.videointerpolation.app.MainActivity
2025-11-11 13:09:26.906 32097-32097 VRI[MainActivity]       com.videointerpolation.app           D  relayoutWindow: mRelayoutRequested = true
2025-11-11 13:09:26.906 32097-32097 SurfaceControl          com.videointerpolation.app           I  nativeRelease 0xb4000076055e57f0 count: 1 name: Surface(name=e57005c StatusBar)/@0x7f7a18f - animation-leash of insets_animation#28865
2025-11-11 13:09:26.906 32097-32097 SurfaceControl          com.videointerpolation.app           I  nativeRelease 0xb4000076055fd790 count: 1 name: Surface(name=6c1cc36 InputMethod)/@0x45d54a4 - animation-leash of insets_animation#28848
2025-11-11 13:09:26.906 32097-32097 SurfaceControl          com.videointerpolation.app           I  nativeRelease 0xb4000076055f4d30 count: 1 name: Surface(name=2cc9a79 NavigationBar0)/@0xb438c1c - animation-leash of insets_animation#28866
2025-11-11 13:09:26.907  3003-3003  NotifAttentionHelper    system_server                        V  isSoundAllowHn pkg=com.videointerpolation.app, channelId=video_interp_channel, userId=0, soundVibrate=1
2025-11-11 13:09:26.907  3003-3003  NotifAttentionHelper    system_server                        I  muting noisy, suppressed because it's a silent update :0|com.videointerpolation.app|2020|null|10271
2025-11-11 13:09:26.907 32097-32097 FullScreenUtils         com.videointerpolation.app           D  isNeedToHideStatusBar: splitscreenstate=-1
2025-11-11 13:09:26.908  3003-6123  HwActivity...rServiceEx system_server                        I  notifySfVsync uniquePkg=com.videointerpolation.app:10271 vsyncSwitch=true type=1 mBackGroundAppPkgSet.size=17
2025-11-11 13:09:26.908  2198-2332  SurfaceFlingerEx        surfaceflinger                       I  setSpecialAppVsync pkgName:com.videointerpolation.app:10271, frameRate:15, vsyncSwitch:1
2025-11-11 13:09:26.908  2198-2332  EventThread             surfaceflinger                       I  setSpecialAppVsync vsyncSwitch:1, name:com.videointerpolation.app, uid:10271
2025-11-11 13:09:26.908  3003-6123  SurfaceControl          system_server                        I  nativeRelease 0xb400007605553cf0 count: 2 name: com.videointerpolation.app/com.videointerpolation.app.MainActivity#28864
2025-11-11 13:09:26.909  4518-4518  NotificationListener    com.android.systemui                 I  onNotificationPosted: sbn.key=0|com.videointerpolation.app|2020|null|10271 important=3, flags 106, post=1762862966700, when=1762862966699,showWhen=true, vis=0, hasFullScreenIntent=false, style=null, isNonDismissable=false
2025-11-11 13:09:26.910  4518-4518  MediaDataManager        com.android.systemui                 I  isCustomMediaNoti, key:0|com.videointerpolation.app|2020|null|10271 false
2025-11-11 13:09:26.910  4518-4518  GlobalDynCoordinator    com.android.systemui                 I  pkgName = com.videointerpolation.app channel = video_interp_channel
2025-11-11 13:09:26.910  4518-4518  No heads up             com.android.systemui                 I  type: PEEK key: 0|com.videointerpolation.app|2020|null|10271 reason: device not in use
2025-11-11 13:09:26.910  4518-4518  PeopleSpaceWidgetMgr    com.android.systemui                 D  Notification posted, key: 0|com.videointerpolation.app|2020|null|10271
2025-11-11 13:09:26.910  4518-4518  PeopleSpaceWidgetMgr    com.android.systemui                 D  Notification posted, key: 0|com.videointerpolation.app|2020|null|10271
2025-11-11 13:09:26.910  3003-3077  UsageStatsService       system_server                        I  reportEvent : component= ComponentInfo{com.videointerpolation.app/com.videointerpolation.app.MainActivity} eventType= 23
2025-11-11 13:09:26.911  4518-4518  HwNotifica...ryObserver com.android.systemui                 W  reportNT failed, more than 2000, sbn=0|com.videointerpolation.app|2020|null|10271
2025-11-11 13:09:26.911  4518-4883  PeopleSpaceWidgetMgr    com.android.systemui                 D  Sbn doesn't contain valid PeopleTileKey: null/0/com.videointerpolation.app
2025-11-11 13:09:26.911  4518-4883  PeopleSpaceWidgetMgr    com.android.systemui                 D  Sbn doesn't contain valid PeopleTileKey: null/0/com.videointerpolation.app
2025-11-11 13:09:26.912  4474-4972  AppManager              com.hihonor.iaware                   I  app:com.videointerpolation.app Notification update time:275717451
2025-11-11 13:09:26.912  4474-4972  AppManager              com.hihonor.iaware                   I  com.videointerpolation.app add persist notification, id=[2020]
2025-11-11 13:09:27.084  2198-2198  Layer                   surfaceflinger                       I  ~Layer layername: com.videointerpolation.app/com.videointerpolation.app.MainActivity#28864 address = 0xb400007c498947b0
2025-11-11 13:09:27.084  2198-2198  SurfaceFlinger          surfaceflinger                       I  [onLayerDestroyed] [com.videointerpolation.app/com.videointerpolation.app.MainActivity#28864] address:0xb400007c498947b0 has destroyed
2025-11-11 13:09:27.145  3003-3091  HWMW_HwMag...nAmsPolicy system_server                        E  getTopTaskUnlockMode task Task{fda0c16 #2279 type=standard A=10271:com.videointerpolation.app} is not magic window
2025-11-11 13:09:27.158  4518-4608  ShellTaskOrganizer      com.android.systemui                 D  apply finall BarInfo:HnMultiWindowBarInfo{color=0 shouldShow=false displayId=0 statusBarHeight=80 colorChange=false hidePopWindow=true packageName=com.videointerpolation.app isSupportLockfalse topTaskUnlockModefalse isDirectScreenPhone= false isInMouseMode= true }
2025-11-11 13:09:27.165  3003-3027  HwForceRotationManager  system_server                        V  cache can rotate: com.videointerpolation.app/com.videointerpolation.app.MainActivity
2025-11-11 13:09:27.172 32097-32097 RtgSchedIpcFile         com.videointerpolation.app           D  setCommandByIoctl failed ret:-1, cmdid:21, errno:101
2025-11-11 13:09:27.172 32097-32097 RtgSchedIpcFile         com.videointerpolation.app           D  setCommandByIoctl failed ret:-1, cmdid:24, errno:100
2025-11-11 13:09:27.172 32097-32097 RmeSchedManager         com.videointerpolation.app           I  init Rme, version is: v1.0
2025-11-11 13:09:27.172 32097-32097 RtgSched                com.videointerpolation.app           D  resetRtgSchedHandle failed enable:0
2025-11-11 13:09:27.172 32097-32097 SurfaceControl          com.videointerpolation.app           I  nativeRelease 0xb400007605525790 count: 1 name: Surface(name=e57005c StatusBar)/@0x7f7a18f - animation-leash of insets_animation#28865
2025-11-11 13:09:27.173 32097-32097 SurfaceControl          com.videointerpolation.app           I  nativeRelease 0xb4000076055f3230 count: 1 name: Surface(name=6c1cc36 InputMethod)/@0x45d54a4 - animation-leash of insets_animation#28848
2025-11-11 13:09:27.173 32097-32097 SurfaceControl          com.videointerpolation.app           I  nativeRelease 0xb4000076055fa070 count: 1 name: Surface(name=2cc9a79 NavigationBar0)/@0xb438c1c - animation-leash of insets_animation#28866
2025-11-11 13:09:27.194  3003-6125  HwForceRotationManager  system_server                        V  cache can rotate: com.videointerpolation.app/com.videointerpolation.app.MainActivity
2025-11-11 13:09:27.216  3003-6125  HwForceRotationManager  system_server                        V  cache can rotate: com.videointerpolation.app/com.videointerpolation.app.MainActivity
2025-11-11 13:09:27.217  3003-6127  HwForceRotationManager  system_server                        V  cache can rotate: com.videointerpolation.app/com.videointerpolation.app.MainActivity
2025-11-11 13:09:27.378 32097-32111 ZrHung.AppEyeUiProbe    com.videointerpolation.app           D  not watching, wait.
2025-11-11 13:09:27.687  2486-4384  ITouchService           AGPService                           D  itouch currentPackageName = com.videointerpolation.app
2025-11-11 13:09:27.687  2486-4384  ITouchService           AGPService                           D  itouch getCurrentParmID tempPkg=com.videointerpolation.xxx
2025-11-11 13:09:27.689  2486-4384  ITouchService           AGPService                           D  itouch:app com.videointerpolation.app is  not game app
2025-11-11 13:09:27.689  2486-4384  ITouchService           AGPService                           D  itouch:app com.videointerpolation.app is  not in StylusPenList
2025-11-11 13:09:27.987 32097-32701 ExecutionBuilder        com.videointerpolation.app           I  ExecutionBuilder::ExecutionBuilder with 10 inputs and 10 outputs
2025-11-11 13:09:27.987 32097-32701 ExecutionBuilder        com.videointerpolation.app           I  ExecutionBuilder::compute (asynchronous API)
2025-11-11 13:09:27.988 32097-9260  ExecutionBuilder        com.videointerpolation.app           I  SimpleExecutionBuilder::computeInternal
2025-11-11 13:09:27.988 32097-9260  ExecutionBuilder        com.videointerpolation.app           I  StepExecutor::StepExecutor with 10 inputs and 10 outputs
2025-11-11 13:09:27.988 32097-9260  ExecutionBuilder        com.videointerpolation.app           I  input[0] = POINTER() dim(1)
2025-11-11 13:09:27.988 32097-9260  ExecutionBuilder        com.videointerpolation.app           I  input[1] = POINTER() dim(1)
2025-11-11 13:09:27.988 32097-9260  ExecutionBuilder        com.videointerpolation.app           I  input[2] = POINTER() dim(1)
2025-11-11 13:09:27.988 32097-9260  ExecutionBuilder        com.videointerpolation.app           I  input[3] = POINTER() dim(1)
2025-11-11 13:09:27.989 32097-9260  ExecutionBuilder        com.videointerpolation.app           I  input[4] = POINTER() dim(1)
2025-11-11 13:09:27.989 32097-9260  ExecutionBuilder        com.videointerpolation.app           I  input[5] = POINTER() dim(1)
2025-11-11 13:09:27.989 32097-9260  ExecutionBuilder        com.videointerpolation.app           I  input[6] = POINTER() dim(1)
2025-11-11 13:09:27.989 32097-9260  ExecutionBuilder        com.videointerpolation.app           I  input[7] = POINTER() dim(1)
2025-11-11 13:09:27.989 32097-9260  ExecutionBuilder        com.videointerpolation.app           I  input[8] = POINTER() dim(1)
2025-11-11 13:09:27.989 32097-9260  ExecutionBuilder        com.videointerpolation.app           I  input[9] = POINTER() dim(1)
2025-11-11 13:09:27.989 32097-9260  ExecutionBuilder        com.videointerpolation.app           I  output[0] = POINTER() dim(1)
2025-11-11 13:09:27.989 32097-9260  ExecutionBuilder        com.videointerpolation.app           I  output[1] = POINTER() dim(1)
2025-11-11 13:09:27.989 32097-9260  ExecutionBuilder        com.videointerpolation.app           I  output[2] = POINTER() dim(1)
2025-11-11 13:09:27.989 32097-9260  ExecutionBuilder        com.videointerpolation.app           I  output[3] = POINTER() dim(1)
2025-11-11 13:09:27.989 32097-9260  ExecutionBuilder        com.videointerpolation.app           I  output[4] = POINTER() dim(1)
2025-11-11 13:09:27.989 32097-9260  ExecutionBuilder        com.videointerpolation.app           I  output[5] = POINTER() dim(1)
2025-11-11 13:09:27.989 32097-9260  ExecutionBuilder        com.videointerpolation.app           I  output[6] = POINTER() dim(1)
2025-11-11 13:09:27.989 32097-9260  ExecutionBuilder        com.videointerpolation.app           I  output[7] = POINTER() dim(1)
2025-11-11 13:09:27.989 32097-9260  ExecutionBuilder        com.videointerpolation.app           I  output[8] = POINTER() dim(1)
2025-11-11 13:09:27.989 32097-9260  ExecutionBuilder        com.videointerpolation.app           I  output[9] = POINTER() dim(1)
2025-11-11 13:09:27.989 32097-9260  CpuExecutor             com.videointerpolation.app           I  CpuExecutor::run() with request()
2025-11-11 13:09:27.989 32097-9260  CpuExecutor             com.videointerpolation.app           I  CpuExecutor::initializeRunTimeInfo
2025-11-11 13:09:27.990 32097-9260  CpuExecutor             com.videointerpolation.app           I  CpuExecutor::executeSubgraph Model::Subgraph{.operands=[Operand{.type=TENSOR_FLOAT32, .dimensions=[1], .scale=0, .zeroPoint=0, lifetime=CONSTANT_REFERENCE, .location=DataLocation{.pointer=<constant null pointer>, .poolIndex=0, .offset=0, .length=4, .padding=0}, .extraParams=Operand::ExtraParams{<no params>}}, Operand{.type=TENSOR_FLOAT32, .dimensions=[1], .scale=0, .zeroPoint=0, lifetime=CONSTANT_REFERENCE, .location=DataLocation{.pointer=<constant null pointer>, .poolIndex=0, .offset=16, .length=4, .padding=0}, .extraParams=Operand::ExtraParams{<no params>}}, Operand{.type=TENSOR_FLOAT32, .dimensions=[1], .scale=0, .zeroPoint=0, lifetime=SUBGRAPH_INPUT, .location=DataLocation{.pointer=<constant null pointer>, .poolIndex=0, .offset=0, .length=0, .padding=0}, .extraParams=Operand::ExtraParams{<no params>}}, Operand{.type=TENSOR_FLOAT32, .dimensions=[1], .scale=0, .zeroPoint=0, lifetime=SUBGRAPH_INPUT, .location=DataLocation{.pointer=<constant null pointer>, .poolIndex=0, .offset=0, .length=0, .padding=0}, .extraParams=Operand::ExtraParams{<no params>}}, Operand{.type=TENSOR_FLOAT32, .dimensions=[1], .scale=0, .zeroPoint=0, lifetime=SUBGRAPH_INPUT, .location=DataLocation{.pointer=<constant null pointer>, .poolIndex=0, .offset=0, .length=0, .padding=0}, .extraParams=Operand::ExtraParams{<no params>}}, Operand{.type=TENSOR_FLOAT32, .dimensions=[1], .scale=0, .zeroPoint=0, lifetime=SUBGRAPH_INPUT, .location=DataLocation{.pointer=<constant null pointer>, .poolIndex=0, .offset=0, .length=0, .padding=0}, .extraParams=Operand::ExtraParams{<no params>}}, Operand{.type=TENSOR_FLOAT32, .dimensions=[1], .scale=0, .zeroPoint=0, lifetime=SUBGRAPH_INPUT, .location=DataLocation{.pointer=<constant null pointer>, .poolIndex=0, .offset=0, .length=0, .padding=0}, .extraParams=Operand::ExtraParams{<no params>}}, Operand{.type=TENSOR_FLOAT32, .dimensions=[1], .scale=0, .zeroPoint=0, lifetime=SUBGRAPH_INPUT, .location=DataLocation{.pointer=<constant null pointer>, .poolIndex=0, .offset=0, .length=0, .padding=0}, .extraParams=Operand::ExtraParams{<no params>}}, Operand{.type=TENSOR_FLOAT32, .dimensions=[1], .scale=0, .zeroPoint=0, lifetime=SUBGRAPH_INPUT, .location=DataLocation{.pointer=<constant null pointer>, .poolIndex=0, .offset=0, .length=0, .padding=0}, .extraParams=Operand::ExtraParams{<no params>}}, Operand{.type=TENSOR_FLOAT32, .dimensions=[1], .scale=0, .zeroPoint=0, lifetime=SUBGRAPH_INPUT, .location=DataLocation{.pointer=<constant null pointer>, .poolIndex=0, .offset=0, .length=0, .padding=0}, .extraParams=Operand::ExtraParams{<no params>}}, Operand{.type=TENSOR_FLOAT32, .dimensions=[1], .scale=0, .zeroPoint=0, lifetime=SUBGRAPH_INPUT, .location=DataLocation{.pointer=<constant null pointer>, .poolIndex=0, .offset=0, .length=0, .padding=0}, .extraParams=Operand::ExtraParams{<no params>}}, Operand{.type=TENSOR_FLOAT32, .dimensions=[1], .scale=0, .zeroPoint=0, lifetime=SUBGRAPH_INPUT, .location=DataLocation{.pointer=<constant null pointer>, .poolIndex=0, .offset=0, .length=0, .padding=0}, .extraParams=Operand::ExtraParams{<no params>}}, Operand{.type=INT32, .dimensions=[], .scale=0, .zeroPoint=0, lifetime=CONSTANT_COPY, .location=DataLocation{.pointer=<constant null pointer>, .poolIndex=0, .offset=0, .length=4, .padding=0}, .extraParams=Operand::ExtraParams{<no params>}}, Operand{.type=TENSOR_FLOAT32, .dimensions=[1], .scale=0, .zeroPoint=0, lifetime=TEMPORARY_VARIABLE, .location=DataLocation{.pointer=<constant null pointer>, .poolIndex=0, .offset=0, .length=0, .padding=0}, .extraParams=Operand::ExtraParams{<no params>}}, Operand{.type=INT32, .dimensions=[], .scale=0, .zeroPoint=0, lifetime=CONSTANT_COPY, .location=DataLocation{.pointer=<constant null pointer>, .poolIndex=0, .offset=4, .length=4, .padding=0}, .extraParams=Operand::ExtraParams{<no params>}}, Operand{.type=TENSOR_FLOAT32, .dimensions=[1], .scale=0, .zeroPoint=0, lifetime=SUBGRAPH_OUTPUT, .location=DataLocation{.pointer=<constant null pointer>, .poolIndex=0, .offset=0, .length=0, .padding=0}, .extraParams=Operand::ExtraParams{<no p
2025-11-11 13:09:27.991 32097-9260  CpuExecutor             com.videointerpolation.app           I  Completed run normally
2025-11-11 13:09:27.991 32097-9260  CpuExecutor             com.videointerpolation.app           I  CpuExecutor::setOutputShapes: mOutputShapes[0] = OutputShape{.dimensions=[1], .isSufficient=true}
2025-11-11 13:09:27.991 32097-9260  CpuExecutor             com.videointerpolation.app           I  CpuExecutor::setOutputShapes: mOutputShapes[1] = OutputShape{.dimensions=[1], .isSufficient=true}
2025-11-11 13:09:27.991 32097-9260  CpuExecutor             com.videointerpolation.app           I  CpuExecutor::setOutputShapes: mOutputShapes[2] = OutputShape{.dimensions=[1], .isSufficient=true}
2025-11-11 13:09:27.991 32097-9260  CpuExecutor             com.videointerpolation.app           I  CpuExecutor::setOutputShapes: mOutputShapes[3] = OutputShape{.dimensions=[1], .isSufficient=true}
2025-11-11 13:09:27.991 32097-9260  CpuExecutor             com.videointerpolation.app           I  CpuExecutor::setOutputShapes: mOutputShapes[4] = OutputShape{.dimensions=[1], .isSufficient=true}
2025-11-11 13:09:27.991 32097-9260  CpuExecutor             com.videointerpolation.app           I  CpuExecutor::setOutputShapes: mOutputShapes[5] = OutputShape{.dimensions=[1], .isSufficient=true}
2025-11-11 13:09:27.991 32097-9260  CpuExecutor             com.videointerpolation.app           I  CpuExecutor::setOutputShapes: mOutputShapes[6] = OutputShape{.dimensions=[1], .isSufficient=true}
2025-11-11 13:09:27.991 32097-9260  CpuExecutor             com.videointerpolation.app           I  CpuExecutor::setOutputShapes: mOutputShapes[7] = OutputShape{.dimensions=[1], .isSufficient=true}
2025-11-11 13:09:27.991 32097-9260  CpuExecutor             com.videointerpolation.app           I  CpuExecutor::setOutputShapes: mOutputShapes[8] = OutputShape{.dimensions=[1], .isSufficient=true}
2025-11-11 13:09:27.991 32097-9260  CpuExecutor             com.videointerpolation.app           I  CpuExecutor::setOutputShapes: mOutputShapes[9] = OutputShape{.dimensions=[1], .isSufficient=true}
2025-11-11 13:09:29.605  3003-6125  NotificationService     system_server                        I  enqueueNotificationInternal: pkg=com.videointerpolation.app id=2020 notification=Notification(channel=*** shortcut=null contentView=null vibrate=null sound=null defaults=0 flags=ONGOING_EVENT|ONLY_ALERT_ONCE color=0x00000000 vis=PRIVATE)
2025-11-11 13:09:29.606  3003-6125  NotificationService     system_server                        I  enqueueNotificationInternal Channel Info : pkg=com.videointerpolation.app id=2020 importance =3
2025-11-11 13:09:29.683 32097-32701 FrameInterpolator       com.videointerpolation.app           I  Align×8 active: source=3840x2160 aligned=3840x2160 capped=1280x768
2025-11-11 13:09:29.684 32097-32102 terpolation.app         com.videointerpolation.app           I  NativeAlloc concurrent mark compact GC freed 340KB AllocSpace bytes, 8(28MB) LOS objects, 50% free, 19MB/39MB, paused 140us,5.499ms total 26.955ms
2025-11-11 13:09:29.810  3003-3003  ZenLog                  system_server                        I  intercepted: 0|com.videointerpolation.app|2020|null|10271,new:!priority
2025-11-11 13:09:29.811  3003-3003  NotifAttentionHelper    system_server                        V  isSoundAllowHn pkg=com.videointerpolation.app, channelId=video_interp_channel, userId=0, soundVibrate=1
2025-11-11 13:09:29.811  3003-3003  NotifAttentionHelper    system_server                        I  muting noisy, suppressed because it's a silent update :0|com.videointerpolation.app|2020|null|10271
2025-11-11 13:09:29.821  4518-4518  NotificationListener    com.android.systemui                 I  onNotificationPosted: sbn.key=0|com.videointerpolation.app|2020|null|10271 important=3, flags 106, post=1762862969606, when=1762862969605,showWhen=true, vis=0, hasFullScreenIntent=false, style=null, isNonDismissable=false
2025-11-11 13:09:29.822  4518-4518  MediaDataManager        com.android.systemui                 I  isCustomMediaNoti, key:0|com.videointerpolation.app|2020|null|10271 false
2025-11-11 13:09:29.822  4518-4518  GlobalDynCoordinator    com.android.systemui                 I  pkgName = com.videointerpolation.app channel = video_interp_channel
2025-11-11 13:09:29.822  4518-4518  No heads up             com.android.systemui                 I  type: PEEK key: 0|com.videointerpolation.app|2020|null|10271 reason: device not in use
2025-11-11 13:09:29.822  4518-4518  PeopleSpaceWidgetMgr    com.android.systemui                 D  Notification posted, key: 0|com.videointerpolation.app|2020|null|10271
2025-11-11 13:09:29.822  4518-4883  PeopleSpaceWidgetMgr    com.android.systemui                 D  Sbn doesn't contain valid PeopleTileKey: null/0/com.videointerpolation.app
2025-11-11 13:09:29.822  4518-4518  PeopleSpaceWidgetMgr    com.android.systemui                 D  Notification posted, key: 0|com.videointerpolation.app|2020|null|10271
2025-11-11 13:09:29.823  4518-4883  PeopleSpaceWidgetMgr    com.android.systemui                 D  Sbn doesn't contain valid PeopleTileKey: null/0/com.videointerpolation.app
2025-11-11 13:09:29.823  4518-4518  HwNotifica...ryObserver com.android.systemui                 W  reportNT failed, more than 2000, sbn=0|com.videointerpolation.app|2020|null|10271
2025-11-11 13:09:29.849  4474-5144  InactiveClean           com.hihonor.iaware                   I  cleanInactiveApp: frequentUsedApps: [com.videointerpolation.app, com.hihonor.nearby, com.brave.browser, com.instagram.android, com.hihonor.photos, com.zhiliaoapp.musically, com.google.android.packageinstaller, com.android.vending, com.hihonor.filemanager, com.google.android.documentsui]
2025-11-11 13:09:30.766 32097-32701 ExecutionBuilder        com.videointerpolation.app           I  ExecutionBuilder::ExecutionBuilder with 10 inputs and 10 outputs
2025-11-11 13:09:30.766 32097-32701 ExecutionBuilder        com.videointerpolation.app           I  ExecutionBuilder::compute (asynchronous API)
2025-11-11 13:09:30.766 32097-9293  ExecutionBuilder        com.videointerpolation.app           I  SimpleExecutionBuilder::computeInternal
2025-11-11 13:09:30.767 32097-9293  ExecutionBuilder        com.videointerpolation.app           I  StepExecutor::StepExecutor with 10 inputs and 10 outputs
2025-11-11 13:09:30.767 32097-9293  ExecutionBuilder        com.videointerpolation.app           I  input[0] = POINTER() dim(1)
2025-11-11 13:09:30.767 32097-9293  ExecutionBuilder        com.videointerpolation.app           I  input[1] = POINTER() dim(1)
2025-11-11 13:09:30.767 32097-9293  ExecutionBuilder        com.videointerpolation.app           I  input[2] = POINTER() dim(1)
2025-11-11 13:09:30.767 32097-9293  ExecutionBuilder        com.videointerpolation.app           I  input[3] = POINTER() dim(1)
2025-11-11 13:09:30.767 32097-9293  ExecutionBuilder        com.videointerpolation.app           I  input[4] = POINTER() dim(1)
2025-11-11 13:09:30.767 32097-9293  ExecutionBuilder        com.videointerpolation.app           I  input[5] = POINTER() dim(1)
2025-11-11 13:09:30.767 32097-9293  ExecutionBuilder        com.videointerpolation.app           I  input[6] = POINTER() dim(1)
2025-11-11 13:09:30.767 32097-9293  ExecutionBuilder        com.videointerpolation.app           I  input[7] = POINTER() dim(1)
2025-11-11 13:09:30.767 32097-9293  ExecutionBuilder        com.videointerpolation.app           I  input[8] = POINTER() dim(1)
2025-11-11 13:09:30.767 32097-9293  ExecutionBuilder        com.videointerpolation.app           I  input[9] = POINTER() dim(1)
2025-11-11 13:09:30.767 32097-9293  ExecutionBuilder        com.videointerpolation.app           I  output[0] = POINTER() dim(1)
2025-11-11 13:09:30.767 32097-9293  ExecutionBuilder        com.videointerpolation.app           I  output[1] = POINTER() dim(1)
2025-11-11 13:09:30.767 32097-9293  ExecutionBuilder        com.videointerpolation.app           I  output[2] = POINTER() dim(1)
2025-11-11 13:09:30.767 32097-9293  ExecutionBuilder        com.videointerpolation.app           I  output[3] = POINTER() dim(1)
2025-11-11 13:09:30.767 32097-9293  ExecutionBuilder        com.videointerpolation.app           I  output[4] = POINTER() dim(1)
2025-11-11 13:09:30.767 32097-9293  ExecutionBuilder        com.videointerpolation.app           I  output[5] = POINTER() dim(1)
2025-11-11 13:09:30.767 32097-9293  ExecutionBuilder        com.videointerpolation.app           I  output[6] = POINTER() dim(1)
2025-11-11 13:09:30.767 32097-9293  ExecutionBuilder        com.videointerpolation.app           I  output[7] = POINTER() dim(1)
2025-11-11 13:09:30.767 32097-9293  ExecutionBuilder        com.videointerpolation.app           I  output[8] = POINTER() dim(1)
2025-11-11 13:09:30.767 32097-9293  ExecutionBuilder        com.videointerpolation.app           I  output[9] = POINTER() dim(1)
2025-11-11 13:09:30.767 32097-9293  CpuExecutor             com.videointerpolation.app           I  CpuExecutor::run() with request()
2025-11-11 13:09:30.767 32097-9293  CpuExecutor             com.videointerpolation.app           I  CpuExecutor::initializeRunTimeInfo
2025-11-11 13:09:30.768 32097-9293  CpuExecutor             com.videointerpolation.app           I  CpuExecutor::executeSubgraph Model::Subgraph{.operands=[Operand{.type=TENSOR_FLOAT32, .dimensions=[1], .scale=0, .zeroPoint=0, lifetime=CONSTANT_REFERENCE, .location=DataLocation{.pointer=<constant null pointer>, .poolIndex=0, .offset=0, .length=4, .padding=0}, .extraParams=Operand::ExtraParams{<no params>}}, Operand{.type=TENSOR_FLOAT32, .dimensions=[1], .scale=0, .zeroPoint=0, lifetime=CONSTANT_REFERENCE, .location=DataLocation{.pointer=<constant null pointer>, .poolIndex=0, .offset=16, .length=4, .padding=0}, .extraParams=Operand::ExtraParams{<no params>}}, Operand{.type=TENSOR_FLOAT32, .dimensions=[1], .scale=0, .zeroPoint=0, lifetime=SUBGRAPH_INPUT, .location=DataLocation{.pointer=<constant null pointer>, .poolIndex=0, .offset=0, .length=0, .padding=0}, .extraParams=Operand::ExtraParams{<no params>}}, Operand{.type=TENSOR_FLOAT32, .dimensions=[1], .scale=0, .zeroPoint=0, lifetime=SUBGRAPH_INPUT, .location=DataLocation{.pointer=<constant null pointer>, .poolIndex=0, .offset=0, .length=0, .padding=0}, .extraParams=Operand::ExtraParams{<no params>}}, Operand{.type=TENSOR_FLOAT32, .dimensions=[1], .scale=0, .zeroPoint=0, lifetime=SUBGRAPH_INPUT, .location=DataLocation{.pointer=<constant null pointer>, .poolIndex=0, .offset=0, .length=0, .padding=0}, .extraParams=Operand::ExtraParams{<no params>}}, Operand{.type=TENSOR_FLOAT32, .dimensions=[1], .scale=0, .zeroPoint=0, lifetime=SUBGRAPH_INPUT, .location=DataLocation{.pointer=<constant null pointer>, .poolIndex=0, .offset=0, .length=0, .padding=0}, .extraParams=Operand::ExtraParams{<no params>}}, Operand{.type=TENSOR_FLOAT32, .dimensions=[1], .scale=0, .zeroPoint=0, lifetime=SUBGRAPH_INPUT, .location=DataLocation{.pointer=<constant null pointer>, .poolIndex=0, .offset=0, .length=0, .padding=0}, .extraParams=Operand::ExtraParams{<no params>}}, Operand{.type=TENSOR_FLOAT32, .dimensions=[1], .scale=0, .zeroPoint=0, lifetime=SUBGRAPH_INPUT, .location=DataLocation{.pointer=<constant null pointer>, .poolIndex=0, .offset=0, .length=0, .padding=0}, .extraParams=Operand::ExtraParams{<no params>}}, Operand{.type=TENSOR_FLOAT32, .dimensions=[1], .scale=0, .zeroPoint=0, lifetime=SUBGRAPH_INPUT, .location=DataLocation{.pointer=<constant null pointer>, .poolIndex=0, .offset=0, .length=0, .padding=0}, .extraParams=Operand::ExtraParams{<no params>}}, Operand{.type=TENSOR_FLOAT32, .dimensions=[1], .scale=0, .zeroPoint=0, lifetime=SUBGRAPH_INPUT, .location=DataLocation{.pointer=<constant null pointer>, .poolIndex=0, .offset=0, .length=0, .padding=0}, .extraParams=Operand::ExtraParams{<no params>}}, Operand{.type=TENSOR_FLOAT32, .dimensions=[1], .scale=0, .zeroPoint=0, lifetime=SUBGRAPH_INPUT, .location=DataLocation{.pointer=<constant null pointer>, .poolIndex=0, .offset=0, .length=0, .padding=0}, .extraParams=Operand::ExtraParams{<no params>}}, Operand{.type=TENSOR_FLOAT32, .dimensions=[1], .scale=0, .zeroPoint=0, lifetime=SUBGRAPH_INPUT, .location=DataLocation{.pointer=<constant null pointer>, .poolIndex=0, .offset=0, .length=0, .padding=0}, .extraParams=Operand::ExtraParams{<no params>}}, Operand{.type=INT32, .dimensions=[], .scale=0, .zeroPoint=0, lifetime=CONSTANT_COPY, .location=DataLocation{.pointer=<constant null pointer>, .poolIndex=0, .offset=0, .length=4, .padding=0}, .extraParams=Operand::ExtraParams{<no params>}}, Operand{.type=TENSOR_FLOAT32, .dimensions=[1], .scale=0, .zeroPoint=0, lifetime=TEMPORARY_VARIABLE, .location=DataLocation{.pointer=<constant null pointer>, .poolIndex=0, .offset=0, .length=0, .padding=0}, .extraParams=Operand::ExtraParams{<no params>}}, Operand{.type=INT32, .dimensions=[], .scale=0, .zeroPoint=0, lifetime=CONSTANT_COPY, .location=DataLocation{.pointer=<constant null pointer>, .poolIndex=0, .offset=4, .length=4, .padding=0}, .extraParams=Operand::ExtraParams{<no params>}}, Operand{.type=TENSOR_FLOAT32, .dimensions=[1], .scale=0, .zeroPoint=0, lifetime=SUBGRAPH_OUTPUT, .location=DataLocation{.pointer=<constant null pointer>, .poolIndex=0, .offset=0, .length=0, .padding=0}, .extraParams=Operand::ExtraParams{<no p
2025-11-11 13:09:30.768 32097-9293  CpuExecutor             com.videointerpolation.app           I  Completed run normally
2025-11-11 13:09:30.768 32097-9293  CpuExecutor             com.videointerpolation.app           I  CpuExecutor::setOutputShapes: mOutputShapes[0] = OutputShape{.dimensions=[1], .isSufficient=true}
2025-11-11 13:09:30.768 32097-9293  CpuExecutor             com.videointerpolation.app           I  CpuExecutor::setOutputShapes: mOutputShapes[1] = OutputShape{.dimensions=[1], .isSufficient=true}
2025-11-11 13:09:30.768 32097-9293  CpuExecutor             com.videointerpolation.app           I  CpuExecutor::setOutputShapes: mOutputShapes[2] = OutputShape{.dimensions=[1], .isSufficient=true}
2025-11-11 13:09:30.768 32097-9293  CpuExecutor             com.videointerpolation.app           I  CpuExecutor::setOutputShapes: mOutputShapes[3] = OutputShape{.dimensions=[1], .isSufficient=true}
2025-11-11 13:09:30.768 32097-9293  CpuExecutor             com.videointerpolation.app           I  CpuExecutor::setOutputShapes: mOutputShapes[4] = OutputShape{.dimensions=[1], .isSufficient=true}
2025-11-11 13:09:30.768 32097-9293  CpuExecutor             com.videointerpolation.app           I  CpuExecutor::setOutputShapes: mOutputShapes[5] = OutputShape{.dimensions=[1], .isSufficient=true}
2025-11-11 13:09:30.768 32097-9293  CpuExecutor             com.videointerpolation.app           I  CpuExecutor::setOutputShapes: mOutputShapes[6] = OutputShape{.dimensions=[1], .isSufficient=true}
2025-11-11 13:09:30.768 32097-9293  CpuExecutor             com.videointerpolation.app           I  CpuExecutor::setOutputShapes: mOutputShapes[7] = OutputShape{.dimensions=[1], .isSufficient=true}
2025-11-11 13:09:30.768 32097-9293  CpuExecutor             com.videointerpolation.app           I  CpuExecutor::setOutputShapes: mOutputShapes[8] = OutputShape{.dimensions=[1], .isSufficient=true}
2025-11-11 13:09:30.768 32097-9293  CpuExecutor             com.videointerpolation.app           I  CpuExecutor::setOutputShapes: mOutputShapes[9] = OutputShape{.dimensions=[1], .isSufficient=true}
2025-11-11 13:09:32.371  3003-3027  NotificationService     system_server                        I  enqueueNotificationInternal: pkg=com.videointerpolation.app id=2020 notification=Notification(channel=*** shortcut=null contentView=null vibrate=null sound=null defaults=0 flags=ONGOING_EVENT|ONLY_ALERT_ONCE color=0x00000000 vis=PRIVATE)
2025-11-11 13:09:32.372  3003-3027  NotificationService     system_server                        I  enqueueNotificationInternal Channel Info : pkg=com.videointerpolation.app id=2020 importance =3
2025-11-11 13:09:32.472 32097-32701 FrameInterpolator       com.videointerpolation.app           I  Align×8 active: source=3840x2160 aligned=3840x2160 capped=1280x768
2025-11-11 13:09:32.577  3003-3003  ZenLog                  system_server                        I  intercepted: 0|com.videointerpolation.app|2020|null|10271,new:!priority
2025-11-11 13:09:32.578  3003-3003  NotifAttentionHelper    system_server                        V  isSoundAllowHn pkg=com.videointerpolation.app, channelId=video_interp_channel, userId=0, soundVibrate=1
2025-11-11 13:09:32.579  3003-3003  NotifAttentionHelper    system_server                        I  muting noisy, suppressed because it's a silent update :0|com.videointerpolation.app|2020|null|10271
2025-11-11 13:09:32.588  4518-4518  NotificationListener    com.android.systemui                 I  onNotificationPosted: sbn.key=0|com.videointerpolation.app|2020|null|10271 important=3, flags 106, post=1762862972372, when=1762862972371,showWhen=true, vis=0, hasFullScreenIntent=false, style=null, isNonDismissable=false
2025-11-11 13:09:32.589  4518-4518  MediaDataManager        com.android.systemui                 I  isCustomMediaNoti, key:0|com.videointerpolation.app|2020|null|10271 false
2025-11-11 13:09:32.589  4518-4518  GlobalDynCoordinator    com.android.systemui                 I  pkgName = com.videointerpolation.app channel = video_interp_channel
2025-11-11 13:09:32.589  4518-4518  No heads up             com.android.systemui                 I  type: PEEK key: 0|com.videointerpolation.app|2020|null|10271 reason: device not in use
2025-11-11 13:09:32.589  4518-4518  PeopleSpaceWidgetMgr    com.android.systemui                 D  Notification posted, key: 0|com.videointerpolation.app|2020|null|10271
2025-11-11 13:09:32.589  4518-4883  PeopleSpaceWidgetMgr    com.android.systemui                 D  Sbn doesn't contain valid PeopleTileKey: null/0/com.videointerpolation.app
2025-11-11 13:09:32.590  4518-4518  PeopleSpaceWidgetMgr    com.android.systemui                 D  Notification posted, key: 0|com.videointerpolation.app|2020|null|10271
2025-11-11 13:09:32.590  4518-4518  HwNotifica...ryObserver com.android.systemui                 W  reportNT failed, more than 2000, sbn=0|com.videointerpolation.app|2020|null|10271
2025-11-11 13:09:32.590  4518-4883  PeopleSpaceWidgetMgr    com.android.systemui                 D  Sbn doesn't contain valid PeopleTileKey: null/0/com.videointerpolation.app
2025-11-11 13:09:33.581 32097-32701 ExecutionBuilder        com.videointerpolation.app           I  ExecutionBuilder::ExecutionBuilder with 10 inputs and 10 outputs
2025-11-11 13:09:33.581 32097-32701 ExecutionBuilder        com.videointerpolation.app           I  ExecutionBuilder::compute (asynchronous API)
2025-11-11 13:09:33.581 32097-9310  ExecutionBuilder        com.videointerpolation.app           I  SimpleExecutionBuilder::computeInternal
2025-11-11 13:09:33.581 32097-9310  ExecutionBuilder        com.videointerpolation.app           I  StepExecutor::StepExecutor with 10 inputs and 10 outputs
2025-11-11 13:09:33.582 32097-9310  ExecutionBuilder        com.videointerpolation.app           I  input[0] = POINTER() dim(1)
2025-11-11 13:09:33.582 32097-9310  ExecutionBuilder        com.videointerpolation.app           I  input[1] = POINTER() dim(1)
2025-11-11 13:09:33.582 32097-9310  ExecutionBuilder        com.videointerpolation.app           I  input[2] = POINTER() dim(1)
2025-11-11 13:09:33.582 32097-9310  ExecutionBuilder        com.videointerpolation.app           I  input[3] = POINTER() dim(1)
2025-11-11 13:09:33.582 32097-9310  ExecutionBuilder        com.videointerpolation.app           I  input[4] = POINTER() dim(1)
2025-11-11 13:09:33.582 32097-9310  ExecutionBuilder        com.videointerpolation.app           I  input[5] = POINTER() dim(1)
